Archive member included to satisfy reference by file (symbol)

C:/ST/STM32CubeIDE_1.15.1/STM32CubeIDE/plugins/com.st.stm32cube.ide.mcu.externaltools.gnu-tools-for-stm32.12.3.rel1.win32_1.0.100.202403111256/tools/bin/../lib/gcc/arm-none-eabi/12.3.1/../../../../arm-none-eabi/lib/thumb/v7e-m+fp/hard\libc_nano.a(libc_a-exit.o)
                              C:/ST/STM32CubeIDE_1.15.1/STM32CubeIDE/plugins/com.st.stm32cube.ide.mcu.externaltools.gnu-tools-for-stm32.12.3.rel1.win32_1.0.100.202403111256/tools/bin/../lib/gcc/arm-none-eabi/12.3.1/../../../../arm-none-eabi/lib/thumb/v7e-m+fp/hard/crt0.o (exit)
C:/ST/STM32CubeIDE_1.15.1/STM32CubeIDE/plugins/com.st.stm32cube.ide.mcu.externaltools.gnu-tools-for-stm32.12.3.rel1.win32_1.0.100.202403111256/tools/bin/../lib/gcc/arm-none-eabi/12.3.1/../../../../arm-none-eabi/lib/thumb/v7e-m+fp/hard\libc_nano.a(libc_a-findfp.o)
                              C:/ST/STM32CubeIDE_1.15.1/STM32CubeIDE/plugins/com.st.stm32cube.ide.mcu.externaltools.gnu-tools-for-stm32.12.3.rel1.win32_1.0.100.202403111256/tools/bin/../lib/gcc/arm-none-eabi/12.3.1/../../../../arm-none-eabi/lib/thumb/v7e-m+fp/hard\libc_nano.a(libc_a-exit.o) (__stdio_exit_handler)
C:/ST/STM32CubeIDE_1.15.1/STM32CubeIDE/plugins/com.st.stm32cube.ide.mcu.externaltools.gnu-tools-for-stm32.12.3.rel1.win32_1.0.100.202403111256/tools/bin/../lib/gcc/arm-none-eabi/12.3.1/../../../../arm-none-eabi/lib/thumb/v7e-m+fp/hard\libc_nano.a(libc_a-fwalk.o)
                              C:/ST/STM32CubeIDE_1.15.1/STM32CubeIDE/plugins/com.st.stm32cube.ide.mcu.externaltools.gnu-tools-for-stm32.12.3.rel1.win32_1.0.100.202403111256/tools/bin/../lib/gcc/arm-none-eabi/12.3.1/../../../../arm-none-eabi/lib/thumb/v7e-m+fp/hard\libc_nano.a(libc_a-findfp.o) (_fwalk_sglue)
C:/ST/STM32CubeIDE_1.15.1/STM32CubeIDE/plugins/com.st.stm32cube.ide.mcu.externaltools.gnu-tools-for-stm32.12.3.rel1.win32_1.0.100.202403111256/tools/bin/../lib/gcc/arm-none-eabi/12.3.1/../../../../arm-none-eabi/lib/thumb/v7e-m+fp/hard\libc_nano.a(libc_a-stdio.o)
                              C:/ST/STM32CubeIDE_1.15.1/STM32CubeIDE/plugins/com.st.stm32cube.ide.mcu.externaltools.gnu-tools-for-stm32.12.3.rel1.win32_1.0.100.202403111256/tools/bin/../lib/gcc/arm-none-eabi/12.3.1/../../../../arm-none-eabi/lib/thumb/v7e-m+fp/hard\libc_nano.a(libc_a-findfp.o) (__sread)
C:/ST/STM32CubeIDE_1.15.1/STM32CubeIDE/plugins/com.st.stm32cube.ide.mcu.externaltools.gnu-tools-for-stm32.12.3.rel1.win32_1.0.100.202403111256/tools/bin/../lib/gcc/arm-none-eabi/12.3.1/../../../../arm-none-eabi/lib/thumb/v7e-m+fp/hard\libc_nano.a(libc_a-memset.o)
                              C:/ST/STM32CubeIDE_1.15.1/STM32CubeIDE/plugins/com.st.stm32cube.ide.mcu.externaltools.gnu-tools-for-stm32.12.3.rel1.win32_1.0.100.202403111256/tools/bin/../lib/gcc/arm-none-eabi/12.3.1/../../../../arm-none-eabi/lib/thumb/v7e-m+fp/hard/crt0.o (memset)
C:/ST/STM32CubeIDE_1.15.1/STM32CubeIDE/plugins/com.st.stm32cube.ide.mcu.externaltools.gnu-tools-for-stm32.12.3.rel1.win32_1.0.100.202403111256/tools/bin/../lib/gcc/arm-none-eabi/12.3.1/../../../../arm-none-eabi/lib/thumb/v7e-m+fp/hard\libc_nano.a(libc_a-closer.o)
                              C:/ST/STM32CubeIDE_1.15.1/STM32CubeIDE/plugins/com.st.stm32cube.ide.mcu.externaltools.gnu-tools-for-stm32.12.3.rel1.win32_1.0.100.202403111256/tools/bin/../lib/gcc/arm-none-eabi/12.3.1/../../../../arm-none-eabi/lib/thumb/v7e-m+fp/hard\libc_nano.a(libc_a-stdio.o) (_close_r)
C:/ST/STM32CubeIDE_1.15.1/STM32CubeIDE/plugins/com.st.stm32cube.ide.mcu.externaltools.gnu-tools-for-stm32.12.3.rel1.win32_1.0.100.202403111256/tools/bin/../lib/gcc/arm-none-eabi/12.3.1/../../../../arm-none-eabi/lib/thumb/v7e-m+fp/hard\libc_nano.a(libc_a-reent.o)
                              C:/ST/STM32CubeIDE_1.15.1/STM32CubeIDE/plugins/com.st.stm32cube.ide.mcu.externaltools.gnu-tools-for-stm32.12.3.rel1.win32_1.0.100.202403111256/tools/bin/../lib/gcc/arm-none-eabi/12.3.1/../../../../arm-none-eabi/lib/thumb/v7e-m+fp/hard\libc_nano.a(libc_a-closer.o) (errno)
C:/ST/STM32CubeIDE_1.15.1/STM32CubeIDE/plugins/com.st.stm32cube.ide.mcu.externaltools.gnu-tools-for-stm32.12.3.rel1.win32_1.0.100.202403111256/tools/bin/../lib/gcc/arm-none-eabi/12.3.1/../../../../arm-none-eabi/lib/thumb/v7e-m+fp/hard\libc_nano.a(libc_a-impure.o)
                              C:/ST/STM32CubeIDE_1.15.1/STM32CubeIDE/plugins/com.st.stm32cube.ide.mcu.externaltools.gnu-tools-for-stm32.12.3.rel1.win32_1.0.100.202403111256/tools/bin/../lib/gcc/arm-none-eabi/12.3.1/../../../../arm-none-eabi/lib/thumb/v7e-m+fp/hard\libc_nano.a(libc_a-reent.o) (_impure_ptr)
C:/ST/STM32CubeIDE_1.15.1/STM32CubeIDE/plugins/com.st.stm32cube.ide.mcu.externaltools.gnu-tools-for-stm32.12.3.rel1.win32_1.0.100.202403111256/tools/bin/../lib/gcc/arm-none-eabi/12.3.1/../../../../arm-none-eabi/lib/thumb/v7e-m+fp/hard\libc_nano.a(libc_a-lseekr.o)
[...]
Memory Configuration

Name             Origin             Length             Attributes
RAM              0x20000000         0x00018000         xrw
RAM2             0x10000000         0x00008000         xrw
FLASH            0x08008000         0x00037000         xr
*default*        0x00000000         0xffffffff

Linker script and memory map

LOAD C:/ST/STM32CubeIDE_1.15.1/STM32CubeIDE/plugins/com.st.stm32cube.ide.mcu.externaltools.gnu-tools-for-stm32.12.3.rel1.win32_1.0.100.202403111256/tools/bin/../lib/gcc/arm-none-eabi/12.3.1/thumb/v7e-m+fp/hard/crti.o
LOAD C:/ST/STM32CubeIDE_1.15.1/STM32CubeIDE/plugins/com.st.stm32cube.ide.mcu.externaltools.gnu-tools-for-stm32.12.3.rel1.win32_1.0.100.202403111256/tools/bin/../lib/gcc/arm-none-eabi/12.3.1/thumb/v7e-m+fp/hard/crtbegin.o
LOAD C:/ST/STM32CubeIDE_1.15.1/STM32CubeIDE/plugins/com.st.stm32cube.ide.mcu.externaltools.gnu-tools-for-stm32.12.3.rel1.win32_1.0.100.202403111256/tools/bin/../lib/gcc/arm-none-eabi/12.3.1/../../../../arm-none-eabi/lib/thumb/v7e-m+fp/hard/crt0.o
LOAD ./Core/Src/can_app.o
LOAD ./Core/Src/cantp.o
LOAD ./Core/Src/main.o
LOAD ./Core/Src/stm32l4xx_hal_msp.o
LOAD ./Core/Src/stm32l4xx_it.o
LOAD ./Core/Src/syscalls.o
LOAD ./Core/Src/sysmem.o
LOAD ./Core/Src/system_stm32l4xx.o
LOAD ./Core/Startup/startup_stm32l476rctx.o
LOAD ./Drivers/STM32L4xx_HAL_Driver/Src/stm32l4xx_hal.o
LOAD ./Drivers/STM32L4xx_HAL_Driver/Src/stm32l4xx_hal_can.o
LOAD ./Drivers/STM32L4xx_HAL_Driver/Src/stm32l4xx_hal_cortex.o
LOAD ./Drivers/STM32L4xx_HAL_Driver/Src/stm32l4xx_hal_crc.o
LOAD ./Drivers/STM32L4xx_HAL_Driver/Src/stm32l4xx_hal_crc_ex.o
LOAD ./Drivers/STM32L4xx_HAL_Driver/Src/stm32l4xx_hal_dma.o
LOAD ./Drivers/STM32L4xx_HAL_Driver/Src/stm32l4xx_hal_dma_ex.o
LOAD ./Drivers/STM32L4xx_HAL_Driver/Src/stm32l4xx_hal_exti.o
LOAD ./Drivers/STM32L4xx_HAL_Driver/Src/stm32l4xx_hal_flash.o
LOAD ./Drivers/STM32L4xx_HAL_Driver/Src/stm32l4xx_hal_flash_ex.o
LOAD ./Drivers/STM32L4xx_HAL_Driver/Src/stm32l4xx_hal_flash_ramfunc.o
LOAD ./Drivers/STM32L4xx_HAL_Driver/Src/stm32l4xx_hal_gpio.o
LOAD ./Drivers/STM32L4xx_HAL_Driver/Src/stm32l4xx_hal_i2c.o
LOAD ./Drivers/STM32L4xx_HAL_Driver/Src/stm32l4xx_hal_i2c_ex.o
LOAD ./Drivers/STM32L4xx_HAL_Driver/Src/stm32l4xx_hal_pwr.o
LOAD ./Drivers/STM32L4xx_HAL_Driver/Src/stm32l4xx_hal_pwr_ex.o
LOAD ./Drivers/STM32L4xx_HAL_Driver/Src/stm32l4xx_hal_rcc.o
LOAD ./Drivers/STM32L4xx_HAL_Driver/Src/stm32l4xx_hal_rcc_ex.o
LOAD ./Drivers/STM32L4xx_HAL_Driver/Src/stm32l4xx_hal_tim.o
LOAD ./Drivers/STM32L4xx_HAL_Driver/Src/stm32l4xx_hal_tim_ex.o
START GROUP
LOAD C:/ST/STM32CubeIDE_1.15.1/STM32CubeIDE/plugins/com.st.stm32cube.ide.mcu.externaltools.gnu-tools-for-stm32.12.3.rel1.win32_1.0.100.202403111256/tools/bin/../lib/gcc/arm-none-eabi/12.3.1/../../../../arm-none-eabi/lib/thumb/v7e-m+fp/hard\libc_nano.a
LOAD C:/ST/STM32CubeIDE_1.15.1/STM32CubeIDE/plugins/com.st.stm32cube.ide.mcu.externaltools.gnu-tools-for-stm32.12.3.rel1.win32_1.0.100.202403111256/tools/bin/../lib/gcc/arm-none-eabi/12.3.1/../../../../arm-none-eabi/lib/thumb/v7e-m+fp/hard\libm.a
END GROUP
START GROUP
LOAD C:/ST/STM32CubeIDE_1.15.1/STM32CubeIDE/plugins/com.st.stm32cube.ide.mcu.externaltools.gnu-tools-for-stm32.12.3.rel1.win32_1.0.100.202403111256/tools/bin/../lib/gcc/arm-none-eabi/12.3.1/thumb/v7e-m+fp/hard\libgcc.a
LOAD C:/ST/STM32CubeIDE_1.15.1/STM32CubeIDE/plugins/com.st.stm32cube.ide.mcu.externaltools.gnu-tools-for-stm32.12.3.rel1.win32_1.0.100.202403111256/tools/bin/../lib/gcc/arm-none-eabi/12.3.1/../../../../arm-none-eabi/lib/thumb/v7e-m+fp/hard\libc_nano.a
END GROUP
START GROUP
LOAD C:/ST/STM32CubeIDE_1.15.1/STM32CubeIDE/plugins/com.st.stm32cube.ide.mcu.externaltools.gnu-tools-for-stm32.12.3.rel1.win32_1.0.100.202403111256/tools/bin/../lib/gcc/arm-none-eabi/12.3.1/thumb/v7e-m+fp/hard\libgcc.a
LOAD C:/ST/STM32CubeIDE_1.15.1/STM32CubeIDE/plugins/com.st.stm32cube.ide.mcu.externaltools.gnu-tools-for-stm32.12.3.rel1.win32_1.0.100.202403111256/tools/bin/../lib/gcc/arm-none-eabi/12.3.1/../../../../arm-none-eabi/lib/thumb/v7e-m+fp/hard\libc_nano.a
LOAD C:/ST/STM32CubeIDE_1.15.1/STM32CubeIDE/plugins/com.st.stm32cube.ide.mcu.externaltools.gnu-tools-for-stm32.12.3.rel1.win32_1.0.100.202403111256/tools/bin/../lib/gcc/arm-none-eabi/12.3.1/../../../../arm-none-eabi/lib/thumb/v7e-m+fp/hard\libnosys.a
END GROUP
START GROUP
LOAD C:/ST/STM32CubeIDE_1.15.1/STM32CubeIDE/plugins/com.st.stm32cube.ide.mcu.externaltools.gnu-tools-for-stm32.12.3.rel1.win32_1.0.100.202403111256/tools/bin/../lib/gcc/arm-none-eabi/12.3.1/thumb/v7e-m+fp/hard\libgcc.a
LOAD C:/ST/STM32CubeIDE_1.15.1/STM32CubeIDE/plugins/com.st.stm32cube.ide.mcu.externaltools.gnu-tools-for-stm32.12.3.rel1.win32_1.0.100.202403111256/tools/bin/../lib/gcc/arm-none-eabi/12.3.1/../../../../arm-none-eabi/lib/thumb/v7e-m+fp/hard\libc_nano.a
LOAD C:/ST/STM32CubeIDE_1.15.1/STM32CubeIDE/plugins/com.st.stm32cube.ide.mcu.externaltools.gnu-tools-for-stm32.12.3.rel1.win32_1.0.100.202403111256/tools/bin/../lib/gcc/arm-none-eabi/12.3.1/../../../../arm-none-eabi/lib/thumb/v7e-m+fp/hard\libnosys.a
END GROUP
LOAD C:/ST/STM32CubeIDE_1.15.1/STM32CubeIDE/plugins/com.st.stm32cube.ide.mcu.externaltools.gnu-tools-for-stm32.12.3.rel1.win32_1.0.100.202403111256/tools/bin/../lib/gcc/arm-none-eabi/12.3.1/thumb/v7e-m+fp/hard/crtend.o
LOAD C:/ST/STM32CubeIDE_1.15.1/STM32CubeIDE/plugins/com.st.stm32cube.ide.mcu.externaltools.gnu-tools-for-stm32.12.3.rel1.win32_1.0.100.202403111256/tools/bin/../lib/gcc/arm-none-eabi/12.3.1/thumb/v7e-m+fp/hard/crtn.o
                0x20018000                        _estack = (ORIGIN (RAM) + LENGTH (RAM))
                0x00000200                        _Min_Heap_Size = 0x200
                0x00000400                        _Min_Stack_Size = 0x400

.isr_vector     0x08008000      0x188
                0x08008000                        . = ALIGN (0x4)
 *(.isr_vector)
 .isr_vector    0x08008000      0x188 ./Core/Startup/startup_stm32l476rctx.o
                0x08008000                g_pfnVectors
                0x08008188                        . = ALIGN (0x4)

.text           0x08008188     0x2228
                0x08008188                        . = ALIGN (0x4)
 *(.text)
 .text          0x08008188       0x40 C:/ST/STM32CubeIDE_1.15.1/STM32CubeIDE/plugins/com.st.stm32cube.ide.mcu.externaltools.gnu-tools-for-stm32.12.3.rel1.win32_1.0.100.202403111256/tools/bin/../lib/gcc/arm-none-eabi/12.3.1/thumb/v7e-m+fp/hard/crtbegin.o
 *(.text*)
 .text.CANTX_FIFO_init
                0x080081c8       0x6c ./Core/Src/cantp.o
                0x080081c8                CANTX_FIFO_init
 .text.main     0x08008234       0x4c ./Core/Src/main.o
                0x08008234                main
 .text.SystemClock_Config
                0x08008280       0x8c ./Core/Src/main.o
                0x08008280                SystemClock_Config
 .text.MX_CAN1_Init
                0x0800830c       0x68 ./Core/Src/main.o
 .text.MX_CRC_Init
                0x08008374       0x44 ./Core/Src/main.o
 .text.MX_TIM17_Init
                0x080083b8       0x4c ./Core/Src/main.o
 .text.MX_GPIO_Init
                0x08008404      0x104 ./Core/Src/main.o
 .text.config_can_filter
                0x08008508       0x6c ./Core/Src/main.o
                0x08008508                config_can_filter
 .text.Error_Handler
                0x08008574        0xc ./Core/Src/main.o
                0x08008574                Error_Handler
 .text.HAL_MspInit
                0x08008580       0x48 ./Core/Src/stm32l4xx_hal_msp.o
                0x08008580                HAL_MspInit
 .text.HAL_CAN_MspInit
                0x080085c8       0x88 ./Core/Src/stm32l4xx_hal_msp.o
                0x080085c8                HAL_CAN_MspInit
 .text.HAL_CRC_MspInit
                0x08008650       0x40 ./Core/Src/stm32l4xx_hal_msp.o
                0x08008650                HAL_CRC_MspInit
 .text.HAL_TIM_Base_MspInit
                0x08008690       0x40 ./Core/Src/stm32l4xx_hal_msp.o
                0x08008690                HAL_TIM_Base_MspInit
 .text.NMI_Handler
                0x080086d0        0x8 ./Core/Src/stm32l4xx_it.o
                0x080086d0                NMI_Handler
 .text.HardFault_Handler
                0x080086d8        0x8 ./Core/Src/stm32l4xx_it.o
                0x080086d8                HardFault_Handler
 .text.MemManage_Handler
                0x080086e0        0x8 ./Core/Src/stm32l4xx_it.o
                0x080086e0                MemManage_Handler
 .text.BusFault_Handler
                0x080086e8        0x8 ./Core/Src/stm32l4xx_it.o
                0x080086e8                BusFault_Handler
 .text.UsageFault_Handler
                0x080086f0        0x8 ./Core/Src/stm32l4xx_it.o
                0x080086f0                UsageFault_Handler
 .text.SVC_Handler
                0x080086f8        0xe ./Core/Src/stm32l4xx_it.o
                0x080086f8                SVC_Handler
 .text.DebugMon_Handler
                0x08008706        0xe ./Core/Src/stm32l4xx_it.o
                0x08008706                DebugMon_Handler
 .text.PendSV_Handler
                0x08008714        0xe ./Core/Src/stm32l4xx_it.o
                0x08008714                PendSV_Handler
 .text.SysTick_Handler
                0x08008722        0xc ./Core/Src/stm32l4xx_it.o
                0x08008722                SysTick_Handler
 *fill*         0x0800872e        0x2 
 .text.SystemInit
                0x08008730       0x24 ./Core/Src/system_stm32l4xx.o
                0x08008730                SystemInit
 .text.Reset_Handler
                0x08008754       0x50 ./Core/Startup/startup_stm32l476rctx.o
                0x08008754                Reset_Handler
 .text.Default_Handler
                0x080087a4        0x2 ./Core/Startup/startup_stm32l476rctx.o
                0x080087a4                RTC_Alarm_IRQHandler
                0x080087a4                EXTI2_IRQHandler
                0x080087a4                TIM8_TRG_COM_IRQHandler
                0x080087a4                TIM8_CC_IRQHandler
                0x080087a4                TIM1_CC_IRQHandler
                0x080087a4                TSC_IRQHandler
                0x080087a4                TAMP_STAMP_IRQHandler
                0x080087a4                EXTI3_IRQHandler
                0x080087a4                LPTIM2_IRQHandler
                0x080087a4                DFSDM1_FLT1_IRQHandler
                0x080087a4                I2C3_ER_IRQHandler
                0x080087a4                DFSDM1_FLT2_IRQHandler
                0x080087a4                EXTI0_IRQHandler
                0x080087a4                I2C2_EV_IRQHandler
                0x080087a4                CAN1_RX0_IRQHandler
                0x080087a4                FPU_IRQHandler
                0x080087a4                TIM1_UP_TIM16_IRQHandler
                0x080087a4                ADC1_2_IRQHandler
                0x080087a4                SPI1_IRQHandler
                0x080087a4                TIM6_DAC_IRQHandler
                0x080087a4                TIM8_UP_IRQHandler
                0x080087a4                DMA2_Channel2_IRQHandler
                0x080087a4                DMA1_Channel4_IRQHandler
                0x080087a4                SAI2_IRQHandler
                0x080087a4                DFSDM1_FLT3_IRQHandler
                0x080087a4                USART3_IRQHandler
                0x080087a4                DMA1_Channel7_IRQHandler
                0x080087a4                CAN1_RX1_IRQHandler
                0x080087a4                LCD_IRQHandler
                0x080087a4                UART5_IRQHandler
                0x080087a4                ADC3_IRQHandler
                0x080087a4                TIM4_IRQHandler
                0x080087a4                DMA2_Channel1_IRQHandler
                0x080087a4                QUADSPI_IRQHandler
                0x080087a4                I2C1_EV_IRQHandler
                0x080087a4                DMA1_Channel6_IRQHandler
                0x080087a4                UART4_IRQHandler
                0x080087a4                DMA2_Channel4_IRQHandler
                0x080087a4                TIM3_IRQHandler
                0x080087a4                RCC_IRQHandler
                0x080087a4                DMA1_Channel1_IRQHandler
                0x080087a4                Default_Handler
                0x080087a4                DMA2_Channel7_IRQHandler
                0x080087a4                EXTI15_10_IRQHandler
                0x080087a4                TIM7_IRQHandler
                0x080087a4                SDMMC1_IRQHandler
                0x080087a4                TIM5_IRQHandler
                0x080087a4                I2C3_EV_IRQHandler
                0x080087a4                EXTI9_5_IRQHandler
                0x080087a4                RTC_WKUP_IRQHandler
                0x080087a4                PVD_PVM_IRQHandler
                0x080087a4                SPI2_IRQHandler
                0x080087a4                CAN1_TX_IRQHandler
                0x080087a4                DMA2_Channel5_IRQHandler
                0x080087a4                DMA1_Channel5_IRQHandler
                0x080087a4                EXTI4_IRQHandler
                0x080087a4                RNG_IRQHandler
                0x080087a4                TIM1_TRG_COM_TIM17_IRQHandler
                0x080087a4                DMA1_Channel3_IRQHandler
                0x080087a4                COMP_IRQHandler
                0x080087a4                WWDG_IRQHandler
                0x080087a4                LPUART1_IRQHandler
                0x080087a4                DMA2_Channel6_IRQHandler
                0x080087a4                TIM2_IRQHandler
                0x080087a4                EXTI1_IRQHandler
                0x080087a4                USART2_IRQHandler
                0x080087a4                DFSDM1_FLT0_IRQHandler
                0x080087a4                I2C2_ER_IRQHandler
                0x080087a4                DMA1_Channel2_IRQHandler
                0x080087a4                TIM8_BRK_IRQHandler
                0x080087a4                CAN1_SCE_IRQHandler
                0x080087a4                FLASH_IRQHandler
                0x080087a4                USART1_IRQHandler
                0x080087a4                OTG_FS_IRQHandler
                0x080087a4                SPI3_IRQHandler
                0x080087a4                I2C1_ER_IRQHandler
                0x080087a4                FMC_IRQHandler
                0x080087a4                SWPMI1_IRQHandler
                0x080087a4                LPTIM1_IRQHandler
                0x080087a4                SAI1_IRQHandler
                0x080087a4                DMA2_Channel3_IRQHandler
                0x080087a4                TIM1_BRK_TIM15_IRQHandler
 .text.HAL_Init
                0x080087a6       0x30 ./Drivers/STM32L4xx_HAL_Driver/Src/stm32l4xx_hal.o
                0x080087a6                HAL_Init
 *fill*         0x080087d6        0x2 
 .text.HAL_InitTick
                0x080087d8       0x78 ./Drivers/STM32L4xx_HAL_Driver/Src/stm32l4xx_hal.o
                0x080087d8                HAL_InitTick
 .text.HAL_IncTick
                0x08008850       0x28 ./Drivers/STM32L4xx_HAL_Driver/Src/stm32l4xx_hal.o
                0x08008850                HAL_IncTick
 .text.HAL_GetTick
                0x08008878       0x18 ./Drivers/STM32L4xx_HAL_Driver/Src/stm32l4xx_hal.o
                0x08008878                HAL_GetTick
 .text.HAL_CAN_Init
                0x08008890      0x1f6 ./Drivers/STM32L4xx_HAL_Driver/Src/stm32l4xx_hal_can.o
                0x08008890                HAL_CAN_Init
 .text.HAL_CAN_ConfigFilter
                0x08008a86      0x194 ./Drivers/STM32L4xx_HAL_Driver/Src/stm32l4xx_hal_can.o
                0x08008a86                HAL_CAN_ConfigFilter
 .text.HAL_CAN_Start
                0x08008c1a       0x88 ./Drivers/STM32L4xx_HAL_Driver/Src/stm32l4xx_hal_can.o
                0x08008c1a                HAL_CAN_Start
 .text.HAL_CAN_ActivateNotification
                0x08008ca2       0x4c ./Drivers/STM32L4xx_HAL_Driver/Src/stm32l4xx_hal_can.o
                0x08008ca2                HAL_CAN_ActivateNotification
 *fill*         0x08008cee        0x2 
 .text.__NVIC_SetPriorityGrouping
                0x08008cf0       0x48 ./Drivers/STM32L4xx_HAL_Driver/Src/stm32l4xx_hal_cortex.o
 .text.__NVIC_GetPriorityGrouping
                0x08008d38       0x1c ./Drivers/STM32L4xx_HAL_Driver/Src/stm32l4xx_hal_cortex.o
 .text.__NVIC_SetPriority
                0x08008d54       0x54 ./Drivers/STM32L4xx_HAL_Driver/Src/stm32l4xx_hal_cortex.o
 .text.NVIC_EncodePriority
                0x08008da8       0x66 ./Drivers/STM32L4xx_HAL_Driver/Src/stm32l4xx_hal_cortex.o
 *fill*         0x08008e0e        0x2 
 .text.SysTick_Config
                0x08008e10       0x44 ./Drivers/STM32L4xx_HAL_Driver/Src/stm32l4xx_hal_cortex.o
 .text.HAL_NVIC_SetPriorityGrouping
                0x08008e54       0x16 ./Drivers/STM32L4xx_HAL_Driver/Src/stm32l4xx_hal_cortex.o
                0x08008e54                HAL_NVIC_SetPriorityGrouping
 .text.HAL_NVIC_SetPriority
                0x08008e6a       0x38 ./Drivers/STM32L4xx_HAL_Driver/Src/stm32l4xx_hal_cortex.o
                0x08008e6a                HAL_NVIC_SetPriority
 .text.HAL_SYSTICK_Config
                0x08008ea2       0x18 ./Drivers/STM32L4xx_HAL_Driver/Src/stm32l4xx_hal_cortex.o
                0x08008ea2                HAL_SYSTICK_Config
 *fill*         0x08008eba        0x2 
 .text.HAL_CRC_Init
                0x08008ebc       0xc8 ./Drivers/STM32L4xx_HAL_Driver/Src/stm32l4xx_hal_crc.o
                0x08008ebc                HAL_CRC_Init
 .text.HAL_CRCEx_Polynomial_Set
                0x08008f84      0x11c ./Drivers/STM32L4xx_HAL_Driver/Src/stm32l4xx_hal_crc_ex.o
                0x08008f84                HAL_CRCEx_Polynomial_Set
 .text.HAL_GPIO_Init
                0x080090a0      0x354 ./Drivers/STM32L4xx_HAL_Driver/Src/stm32l4xx_hal_gpio.o
                0x080090a0                HAL_GPIO_Init
 .text.HAL_GPIO_WritePin
                0x080093f4       0x30 ./Drivers/STM32L4xx_HAL_Driver/Src/stm32l4xx_hal_gpio.o
                0x080093f4                HAL_GPIO_WritePin
 .text.HAL_PWREx_GetVoltageRange
                0x08009424       0x1c ./Drivers/STM32L4xx_HAL_Driver/Src/stm32l4xx_hal_pwr_ex.o
                0x08009424                HAL_PWREx_GetVoltageRange
 .text.HAL_PWREx_ControlVoltageScaling
                0x08009440       0xac ./Drivers/STM32L4xx_HAL_Driver/Src/stm32l4xx_hal_pwr_ex.o
                0x08009440                HAL_PWREx_ControlVoltageScaling
 .text.HAL_RCC_OscConfig
                0x080094ec      0x7b8 ./Drivers/STM32L4xx_HAL_Driver/Src/stm32l4xx_hal_rcc.o
                0x080094ec                HAL_RCC_OscConfig
 .text.HAL_RCC_ClockConfig
                0x08009ca4      0x200 ./Drivers/STM32L4xx_HAL_Driver/Src/stm32l4xx_hal_rcc.o
                0x08009ca4                HAL_RCC_ClockConfig
 .text.HAL_RCC_GetSysClockFreq
                0x08009ea4      0x118 ./Drivers/STM32L4xx_HAL_Driver/Src/stm32l4xx_hal_rcc.o
                0x08009ea4                HAL_RCC_GetSysClockFreq
 .text.RCC_SetFlashLatencyFromMSIRange
                0x08009fbc       0xc0 ./Drivers/STM32L4xx_HAL_Driver/Src/stm32l4xx_hal_rcc.o
 .text.HAL_TIM_Base_Init
                0x0800a07c       0xae ./Drivers/STM32L4xx_HAL_Driver/Src/stm32l4xx_hal_tim.o
                0x0800a07c                HAL_TIM_Base_Init
 *fill*         0x0800a12a        0x2 
 .text.HAL_TIM_Base_Start_IT
                0x0800a12c       0xe0 ./Drivers/STM32L4xx_HAL_Driver/Src/stm32l4xx_hal_tim.o
                0x0800a12c                HAL_TIM_Base_Start_IT
 .text.TIM_Base_SetConfig
                0x0800a20c      0x134 ./Drivers/STM32L4xx_HAL_Driver/Src/stm32l4xx_hal_tim.o
                0x0800a20c                TIM_Base_SetConfig
 .text.memset   0x0800a340       0x10 C:/ST/STM32CubeIDE_1.15.1/STM32CubeIDE/plugins/com.st.stm32cube.ide.mcu.externaltools.gnu-tools-for-stm32.12.3.rel1.win32_1.0.100.202403111256/tools/bin/../lib/gcc/arm-none-eabi/12.3.1/../../../../arm-none-eabi/lib/thumb/v7e-m+fp/hard\libc_nano.a(libc_a-memset.o)
                0x0800a340                memset
 .text.__libc_init_array
                0x0800a350       0x48 C:/ST/STM32CubeIDE_1.15.1/STM32CubeIDE/plugins/com.st.stm32cube.ide.mcu.externaltools.gnu-tools-for-stm32.12.3.rel1.win32_1.0.100.202403111256/tools/bin/../lib/gcc/arm-none-eabi/12.3.1/../../../../arm-none-eabi/lib/thumb/v7e-m+fp/hard\libc_nano.a(libc_a-init.o)
                0x0800a350                __libc_init_array
 *(.glue_7)
 .glue_7        0x0800a398        0x0 linker stubs
 *(.glue_7t)
 .glue_7t       0x0800a398        0x0 linker stubs
 *(.eh_frame)
 .eh_frame      0x0800a398        0x0 C:/ST/STM32CubeIDE_1.15.1/STM32CubeIDE/plugins/com.st.stm32cube.ide.mcu.externaltools.gnu-tools-for-stm32.12.3.rel1.win32_1.0.100.202403111256/tools/bin/../lib/gcc/arm-none-eabi/12.3.1/thumb/v7e-m+fp/hard/crtbegin.o
 *(.init)
 .init          0x0800a398        0x4 C:/ST/STM32CubeIDE_1.15.1/STM32CubeIDE/plugins/com.st.stm32cube.ide.mcu.externaltools.gnu-tools-for-stm32.12.3.rel1.win32_1.0.100.202403111256/tools/bin/../lib/gcc/arm-none-eabi/12.3.1/thumb/v7e-m+fp/hard/crti.o
                0x0800a398                _init
 .init          0x0800a39c        0x8 C:/ST/STM32CubeIDE_1.15.1/STM32CubeIDE/plugins/com.st.stm32cube.ide.mcu.externaltools.gnu-tools-for-stm32.12.3.rel1.win32_1.0.100.202403111256/tools/bin/../lib/gcc/arm-none-eabi/12.3.1/thumb/v7e-m+fp/hard/crtn.o
 *(.fini)
 .fini          0x0800a3a4        0x4 C:/ST/STM32CubeIDE_1.15.1/STM32CubeIDE/plugins/com.st.stm32cube.ide.mcu.externaltools.gnu-tools-for-stm32.12.3.rel1.win32_1.0.100.202403111256/tools/bin/../lib/gcc/arm-none-eabi/12.3.1/thumb/v7e-m+fp/hard/crti.o
                0x0800a3a4                _fini
 .fini          0x0800a3a8        0x8 C:/ST/STM32CubeIDE_1.15.1/STM32CubeIDE/plugins/com.st.stm32cube.ide.mcu.externaltools.gnu-tools-for-stm32.12.3.rel1.win32_1.0.100.202403111256/tools/bin/../lib/gcc/arm-none-eabi/12.3.1/thumb/v7e-m+fp/hard/crtn.o
                0x0800a3b0                        . = ALIGN (0x4)
                0x0800a3b0                        _etext = .

.vfp11_veneer   0x0800a3b0        0x0
 .vfp11_veneer  0x0800a3b0        0x0 linker stubs

.v4_bx          0x0800a3b0        0x0
 .v4_bx         0x0800a3b0        0x0 linker stubs

.iplt           0x0800a3b0        0x0
 .iplt          0x0800a3b0        0x0 C:/ST/STM32CubeIDE_1.15.1/STM32CubeIDE/plugins/com.st.stm32cube.ide.mcu.externaltools.gnu-tools-for-stm32.12.3.rel1.win32_1.0.100.202403111256/tools/bin/../lib/gcc/arm-none-eabi/12.3.1/thumb/v7e-m+fp/hard/crtbegin.o

.rodata         0x0800a3b0       0x40
                0x0800a3b0                        . = ALIGN (0x4)
 *(.rodata)
 *(.rodata*)
 .rodata.AHBPrescTable
                0x0800a3b0       0x10 ./Core/Src/system_stm32l4xx.o
                0x0800a3b0                AHBPrescTable
 .rodata.MSIRangeTable
                0x0800a3c0       0x30 ./Core/Src/system_stm32l4xx.o
                0x0800a3c0                MSIRangeTable
                0x0800a3f0                        . = ALIGN (0x4)

.ARM.extab      0x0800a3f0        0x0
                0x0800a3f0                        . = ALIGN (0x4)
 *(.ARM.extab* .gnu.linkonce.armextab.*)
                0x0800a3f0                        . = ALIGN (0x4)

.ARM            0x0800a3f0        0x0
                0x0800a3f0                        . = ALIGN (0x4)
                0x0800a3f0                        __exidx_start = .
 *(.ARM.exidx*)
                0x0800a3f0                        __exidx_end = .
                0x0800a3f0                        . = ALIGN (0x4)

.preinit_array  0x0800a3f0        0x0
                0x0800a3f0                        . = ALIGN (0x4)
                0x0800a3f0                        PROVIDE (__preinit_array_start = .)
 *(.preinit_array*)
                0x0800a3f0                        PROVIDE (__preinit_array_end = .)
                0x0800a3f0                        . = ALIGN (0x4)

.init_array     0x0800a3f0        0x4
                0x0800a3f0                        . = ALIGN (0x4)
                0x0800a3f0                        PROVIDE (__init_array_start = .)
 *(SORT_BY_NAME(.init_array.*))
 *(.init_array*)
 .init_array    0x0800a3f0        0x4 C:/ST/STM32CubeIDE_1.15.1/STM32CubeIDE/plugins/com.st.stm32cube.ide.mcu.externaltools.gnu-tools-for-stm32.12.3.rel1.win32_1.0.100.202403111256/tools/bin/../lib/gcc/arm-none-eabi/12.3.1/thumb/v7e-m+fp/hard/crtbegin.o
                0x0800a3f4                        PROVIDE (__init_array_end = .)
                0x0800a3f4                        . = ALIGN (0x4)

.fini_array     0x0800a3f4        0x4
                0x0800a3f4                        . = ALIGN (0x4)
                [!provide]                        PROVIDE (__fini_array_start = .)
 *(SORT_BY_NAME(.fini_array.*))
 *(.fini_array*)
 .fini_array    0x0800a3f4        0x4 C:/ST/STM32CubeIDE_1.15.1/STM32CubeIDE/plugins/com.st.stm32cube.ide.mcu.externaltools.gnu-tools-for-stm32.12.3.rel1.win32_1.0.100.202403111256/tools/bin/../lib/gcc/arm-none-eabi/12.3.1/thumb/v7e-m+fp/hard/crtbegin.o
                [!provide]                        PROVIDE (__fini_array_end = .)
                0x0800a3f8                        . = ALIGN (0x4)
                0x0800a3f8                        _sidata = LOADADDR (.data)

.rel.dyn        0x0800a3f8        0x0
 .rel.iplt      0x0800a3f8        0x0 C:/ST/STM32CubeIDE_1.15.1/STM32CubeIDE/plugins/com.st.stm32cube.ide.mcu.externaltools.gnu-tools-for-stm32.12.3.rel1.win32_1.0.100.202403111256/tools/bin/../lib/gcc/arm-none-eabi/12.3.1/thumb/v7e-m+fp/hard/crtbegin.o

.data           0x20000000        0xc load address 0x0800a3f8
                0x20000000                        . = ALIGN (0x4)
                0x20000000                        _sdata = .
 *(.data)
 *(.data*)
 .data.SystemCoreClock
                0x20000000        0x4 ./Core/Src/system_stm32l4xx.o
                0x20000000                SystemCoreClock
 .data.uwTickPrio
                0x20000004        0x4 ./Drivers/STM32L4xx_HAL_Driver/Src/stm32l4xx_hal.o
                0x20000004                uwTickPrio
 .data.uwTickFreq
                0x20000008        0x1 ./Drivers/STM32L4xx_HAL_Driver/Src/stm32l4xx_hal.o
                0x20000008                uwTickFreq
 *(.RamFunc)
 *(.RamFunc*)
                0x2000000c                        . = ALIGN (0x4)
 *fill*         0x20000009        0x3 
                0x2000000c                        _edata = .

.igot.plt       0x2000000c        0x0 load address 0x0800a404
 .igot.plt      0x2000000c        0x0 C:/ST/STM32CubeIDE_1.15.1/STM32CubeIDE/plugins/com.st.stm32cube.ide.mcu.externaltools.gnu-tools-for-stm32.12.3.rel1.win32_1.0.100.202403111256/tools/bin/../lib/gcc/arm-none-eabi/12.3.1/thumb/v7e-m+fp/hard/crtbegin.o
                0x2000000c                        . = ALIGN (0x4)

.bss            0x2000000c      0x720 load address 0x0800a404
                0x2000000c                        _sbss = .
                0x2000000c                        __bss_start__ = _sbss
 *(.bss)
 .bss           0x2000000c       0x1c C:/ST/STM32CubeIDE_1.15.1/STM32CubeIDE/plugins/com.st.stm32cube.ide.mcu.externaltools.gnu-tools-for-stm32.12.3.rel1.win32_1.0.100.202403111256/tools/bin/../lib/gcc/arm-none-eabi/12.3.1/thumb/v7e-m+fp/hard/crtbegin.o
 *(.bss*)
 .bss.CanTxList
                0x20000028      0x668 ./Core/Src/can_app.o
                0x20000028                CanTxList
 .bss.hcan1     0x20000690       0x28 ./Core/Src/main.o
                0x20000690                hcan1
 .bss.hcrc      0x200006b8       0x24 ./Core/Src/main.o
                0x200006b8                hcrc
 .bss.htim17    0x200006dc       0x4c ./Core/Src/main.o
                0x200006dc                htim17
 .bss.uwTick    0x20000728        0x4 ./Drivers/STM32L4xx_HAL_Driver/Src/stm32l4xx_hal.o
                0x20000728                uwTick
 *(COMMON)
                0x2000072c                        . = ALIGN (0x4)
                0x2000072c                        _ebss = .
                0x2000072c                        __bss_end__ = _ebss

._user_heap_stack
                0x2000072c      0x604 load address 0x0800a404
                0x20000730                        . = ALIGN (0x8)
 *fill*         0x2000072c        0x4 
                [!provide]                        PROVIDE (end = .)
                0x20000730                        PROVIDE (_end = .)
                0x20000930                        . = (. + _Min_Heap_Size)
 *fill*         0x20000730      0x200 
                0x20000d30                        . = (. + _Min_Stack_Size)
 *fill*         0x20000930      0x400 
                0x20000d30                        . = ALIGN (0x8)

/DISCARD/
 libc.a(*)
 libm.a(*)
 libgcc.a(*)

.ARM.attributes
                0x00000000       0x30
 *(.ARM.attributes)
 .ARM.attributes
                0x00000000       0x22 C:/ST/STM32CubeIDE_1.15.1/STM32CubeIDE/plugins/com.st.stm32cube.ide.mcu.externaltools.gnu-tools-for-stm32.12.3.rel1.win32_1.0.100.202403111256/tools/bin/../lib/gcc/arm-none-eabi/12.3.1/thumb/v7e-m+fp/hard/crti.o
 .ARM.attributes
                0x00000022       0x34 C:/ST/STM32CubeIDE_1.15.1/STM32CubeIDE/plugins/com.st.stm32cube.ide.mcu.externaltools.gnu-tools-for-stm32.12.3.rel1.win32_1.0.100.202403111256/tools/bin/../lib/gcc/arm-none-eabi/12.3.1/thumb/v7e-m+fp/hard/crtbegin.o
 .ARM.attributes
                0x00000056       0x34 ./Core/Src/can_app.o
 .ARM.attributes
                0x0000008a       0x34 ./Core/Src/cantp.o
 .ARM.attributes
                0x000000be       0x34 ./Core/Src/main.o
 .ARM.attributes
                0x000000f2       0x34 ./Core/Src/stm32l4xx_hal_msp.o
 .ARM.attributes
                0x00000126       0x34 ./Core/Src/stm32l4xx_it.o
 .ARM.attributes
                0x0000015a       0x34 ./Core/Src/system_stm32l4xx.o
 .ARM.attributes
                0x0000018e       0x21 ./Core/Startup/startup_stm32l476rctx.o
 .ARM.attributes
                0x000001af       0x34 ./Drivers/STM32L4xx_HAL_Driver/Src/stm32l4xx_hal.o
 .ARM.attributes
                0x000001e3       0x34 ./Drivers/STM32L4xx_HAL_Driver/Src/stm32l4xx_hal_can.o
 .ARM.attributes
                0x00000217       0x34 ./Drivers/STM32L4xx_HAL_Driver/Src/stm32l4xx_hal_cortex.o
 .ARM.attributes
                0x0000024b       0x34 ./Drivers/STM32L4xx_HAL_Driver/Src/stm32l4xx_hal_crc.o
 .ARM.attributes
                0x0000027f       0x34 ./Drivers/STM32L4xx_HAL_Driver/Src/stm32l4xx_hal_crc_ex.o
 .ARM.attributes
                0x000002b3       0x34 ./Drivers/STM32L4xx_HAL_Driver/Src/stm32l4xx_hal_gpio.o
 .ARM.attributes
                0x000002e7       0x34 ./Drivers/STM32L4xx_HAL_Driver/Src/stm32l4xx_hal_pwr_ex.o
 .ARM.attributes
                0x0000031b       0x34 ./Drivers/STM32L4xx_HAL_Driver/Src/stm32l4xx_hal_rcc.o
 .ARM.attributes
                0x0000034f       0x34 ./Drivers/STM32L4xx_HAL_Driver/Src/stm32l4xx_hal_tim.o
 .ARM.attributes
                0x00000383       0x34 C:/ST/STM32CubeIDE_1.15.1/STM32CubeIDE/plugins/com.st.stm32cube.ide.mcu.externaltools.gnu-tools-for-stm32.12.3.rel1.win32_1.0.100.202403111256/tools/bin/../lib/gcc/arm-none-eabi/12.3.1/../../../../arm-none-eabi/lib/thumb/v7e-m+fp/hard\libc_nano.a(libc_a-memset.o)
 .ARM.attributes
                0x000003b7       0x34 C:/ST/STM32CubeIDE_1.15.1/STM32CubeIDE/plugins/com.st.stm32cube.ide.mcu.externaltools.gnu-tools-for-stm32.12.3.rel1.win32_1.0.100.202403111256/tools/bin/../lib/gcc/arm-none-eabi/12.3.1/../../../../arm-none-eabi/lib/thumb/v7e-m+fp/hard\libc_nano.a(libc_a-init.o)
 .ARM.attributes
                0x000003eb       0x22 C:/ST/STM32CubeIDE_1.15.1/STM32CubeIDE/plugins/com.st.stm32cube.ide.mcu.externaltools.gnu-tools-for-stm32.12.3.rel1.win32_1.0.100.202403111256/tools/bin/../lib/gcc/arm-none-eabi/12.3.1/thumb/v7e-m+fp/hard/crtn.o
OUTPUT(stm32l476_app.elf elf32-littlearm)
LOAD linker stubs
LOAD C:/ST/STM32CubeIDE_1.15.1/STM32CubeIDE/plugins/com.st.stm32cube.ide.mcu.externaltools.gnu-tools-for-stm32.12.3.rel1.win32_1.0.100.202403111256/tools/bin/../lib/gcc/arm-none-eabi/12.3.1/../../../../arm-none-eabi/lib/thumb/v7e-m+fp/hard\libc.a
LOAD C:/ST/STM32CubeIDE_1.15.1/STM32CubeIDE/plugins/com.st.stm32cube.ide.mcu.externaltools.gnu-tools-for-stm32.12.3.rel1.win32_1.0.100.202403111256/tools/bin/../lib/gcc/arm-none-eabi/12.3.1/../../../../arm-none-eabi/lib/thumb/v7e-m+fp/hard\libm.a
LOAD C:/ST/STM32CubeIDE_1.15.1/STM32CubeIDE/plugins/com.st.stm32cube.ide.mcu.externaltools.gnu-tools-for-stm32.12.3.rel1.win32_1.0.100.202403111256/tools/bin/../lib/gcc/arm-none-eabi/12.3.1/thumb/v7e-m+fp/hard\libgcc.a

.debug_info     0x00000000     0xb2e6
 .debug_info    0x00000000      0x2b8 ./Core/Src/can_app.o
 .debug_info    0x000002b8      0x804 ./Core/Src/cantp.o
 .debug_info    0x00000abc     0x18b4 ./Core/Src/main.o
 .debug_info    0x00002370     0x10c5 ./Core/Src/stm32l4xx_hal_msp.o
 .debug_info    0x00003435      0x113 ./Core/Src/stm32l4xx_it.o
 .debug_info    0x00003548      0x5b1 ./Core/Src/system_stm32l4xx.o
 .debug_info    0x00003af9       0x30 ./Core/Startup/startup_stm32l476rctx.o
 .debug_info    0x00003b29      0xaeb ./Drivers/STM32L4xx_HAL_Driver/Src/stm32l4xx_hal.o
 .debug_info    0x00004614      0xf58 ./Drivers/STM32L4xx_HAL_Driver/Src/stm32l4xx_hal_can.o
 .debug_info    0x0000556c      0xd4c ./Drivers/STM32L4xx_HAL_Driver/Src/stm32l4xx_hal_cortex.o
 .debug_info    0x000062b8      0x530 ./Drivers/STM32L4xx_HAL_Driver/Src/stm32l4xx_hal_crc.o
 .debug_info    0x000067e8      0x35b ./Drivers/STM32L4xx_HAL_Driver/Src/stm32l4xx_hal_crc_ex.o
 .debug_info    0x00006b43      0x757 ./Drivers/STM32L4xx_HAL_Driver/Src/stm32l4xx_hal_gpio.o
 .debug_info    0x0000729a      0x99e ./Drivers/STM32L4xx_HAL_Driver/Src/stm32l4xx_hal_pwr_ex.o
 .debug_info    0x00007c38      0xc14 ./Drivers/STM32L4xx_HAL_Driver/Src/stm32l4xx_hal_rcc.o
 .debug_info    0x0000884c     0x2a9a ./Drivers/STM32L4xx_HAL_Driver/Src/stm32l4xx_hal_tim.o

.debug_abbrev   0x00000000     0x1ed0
 .debug_abbrev  0x00000000      0x174 ./Core/Src/can_app.o
 .debug_abbrev  0x00000174      0x211 ./Core/Src/cantp.o
 .debug_abbrev  0x00000385      0x37a ./Core/Src/main.o
 .debug_abbrev  0x000006ff      0x207 ./Core/Src/stm32l4xx_hal_msp.o
 .debug_abbrev  0x00000906       0x73 ./Core/Src/stm32l4xx_it.o
 .debug_abbrev  0x00000979      0x11a ./Core/Src/system_stm32l4xx.o
 .debug_abbrev  0x00000a93       0x24 ./Core/Startup/startup_stm32l476rctx.o
 .debug_abbrev  0x00000ab7      0x242 ./Drivers/STM32L4xx_HAL_Driver/Src/stm32l4xx_hal.o
 .debug_abbrev  0x00000cf9      0x26a ./Drivers/STM32L4xx_HAL_Driver/Src/stm32l4xx_hal_can.o
 .debug_abbrev  0x00000f63      0x327 ./Drivers/STM32L4xx_HAL_Driver/Src/stm32l4xx_hal_cortex.o
 .debug_abbrev  0x0000128a      0x1ee ./Drivers/STM32L4xx_HAL_Driver/Src/stm32l4xx_hal_crc.o
 .debug_abbrev  0x00001478      0x151 ./Drivers/STM32L4xx_HAL_Driver/Src/stm32l4xx_hal_crc_ex.o
 .debug_abbrev  0x000015c9      0x1cb ./Drivers/STM32L4xx_HAL_Driver/Src/stm32l4xx_hal_gpio.o
 .debug_abbrev  0x00001794      0x1f9 ./Drivers/STM32L4xx_HAL_Driver/Src/stm32l4xx_hal_pwr_ex.o
 .debug_abbrev  0x0000198d      0x2cb ./Drivers/STM32L4xx_HAL_Driver/Src/stm32l4xx_hal_rcc.o
 .debug_abbrev  0x00001c58      0x278 ./Drivers/STM32L4xx_HAL_Driver/Src/stm32l4xx_hal_tim.o

.debug_aranges  0x00000000      0xc50
 .debug_aranges
                0x00000000       0x30 ./Core/Src/can_app.o
 .debug_aranges
                0x00000030       0x58 ./Core/Src/cantp.o
 .debug_aranges
                0x00000088       0x90 ./Core/Src/main.o
 .debug_aranges
                0x00000118       0x50 ./Core/Src/stm32l4xx_hal_msp.o
 .debug_aranges
                0x00000168       0x60 ./Core/Src/stm32l4xx_it.o
 .debug_aranges
                0x000001c8       0x28 ./Core/Src/system_stm32l4xx.o
 .debug_aranges
                0x000001f0       0x28 ./Core/Startup/startup_stm32l476rctx.o
 .debug_aranges
                0x00000218      0x130 ./Drivers/STM32L4xx_HAL_Driver/Src/stm32l4xx_hal.o
 .debug_aranges
                0x00000348      0x138 ./Drivers/STM32L4xx_HAL_Driver/Src/stm32l4xx_hal_can.o
 .debug_aranges
                0x00000480      0x118 ./Drivers/STM32L4xx_HAL_Driver/Src/stm32l4xx_hal_cortex.o
 .debug_aranges
                0x00000598       0x60 ./Drivers/STM32L4xx_HAL_Driver/Src/stm32l4xx_hal_crc.o
 .debug_aranges
                0x000005f8       0x30 ./Drivers/STM32L4xx_HAL_Driver/Src/stm32l4xx_hal_crc_ex.o
 .debug_aranges
                0x00000628       0x58 ./Drivers/STM32L4xx_HAL_Driver/Src/stm32l4xx_hal_gpio.o
 .debug_aranges
                0x00000680      0x160 ./Drivers/STM32L4xx_HAL_Driver/Src/stm32l4xx_hal_pwr_ex.o
 .debug_aranges
                0x000007e0       0x90 ./Drivers/STM32L4xx_HAL_Driver/Src/stm32l4xx_hal_rcc.o
 .debug_aranges
                0x00000870      0x3e0 ./Drivers/STM32L4xx_HAL_Driver/Src/stm32l4xx_hal_tim.o

.debug_rnglists
                0x00000000      0x956
 .debug_rnglists
                0x00000000       0x1f ./Core/Src/can_app.o
 .debug_rnglists
                0x0000001f       0x3f ./Core/Src/cantp.o
 .debug_rnglists
                0x0000005e       0x6b ./Core/Src/main.o
 .debug_rnglists
                0x000000c9       0x38 ./Core/Src/stm32l4xx_hal_msp.o
 .debug_rnglists
                0x00000101       0x43 ./Core/Src/stm32l4xx_it.o
 .debug_rnglists
                0x00000144       0x1a ./Core/Src/system_stm32l4xx.o
 .debug_rnglists
                0x0000015e       0x19 ./Core/Startup/startup_stm32l476rctx.o
 .debug_rnglists
                0x00000177       0xdf ./Drivers/STM32L4xx_HAL_Driver/Src/stm32l4xx_hal.o
 .debug_rnglists
                0x00000256       0xee ./Drivers/STM32L4xx_HAL_Driver/Src/stm32l4xx_hal_can.o
 .debug_rnglists
                0x00000344       0xce ./Drivers/STM32L4xx_HAL_Driver/Src/stm32l4xx_hal_cortex.o
 .debug_rnglists
                0x00000412       0x47 ./Drivers/STM32L4xx_HAL_Driver/Src/stm32l4xx_hal_crc.o
 .debug_rnglists
                0x00000459       0x20 ./Drivers/STM32L4xx_HAL_Driver/Src/stm32l4xx_hal_crc_ex.o
 .debug_rnglists
                0x00000479       0x3f ./Drivers/STM32L4xx_HAL_Driver/Src/stm32l4xx_hal_gpio.o
 .debug_rnglists
                0x000004b8      0x109 ./Drivers/STM32L4xx_HAL_Driver/Src/stm32l4xx_hal_pwr_ex.o
 .debug_rnglists
                0x000005c1       0x6d ./Drivers/STM32L4xx_HAL_Driver/Src/stm32l4xx_hal_rcc.o
 .debug_rnglists
                0x0000062e      0x328 ./Drivers/STM32L4xx_HAL_Driver/Src/stm32l4xx_hal_tim.o

.debug_macro    0x00000000    0x260ad
 .debug_macro   0x00000000      0x1ed ./Core/Src/can_app.o
 .debug_macro   0x000001ed      0xab4 ./Core/Src/can_app.o
 .debug_macro   0x00000ca1       0x22 ./Core/Src/can_app.o
 .debug_macro   0x00000cc3       0x8e ./Core/Src/can_app.o
 .debug_macro   0x00000d51       0x51 ./Core/Src/can_app.o
 .debug_macro   0x00000da2      0x103 ./Core/Src/can_app.o
 .debug_macro   0x00000ea5       0x6a ./Core/Src/can_app.o
 .debug_macro   0x00000f0f      0x1df ./Core/Src/can_app.o
 .debug_macro   0x000010ee      0x1ad ./Core/Src/can_app.o
 .debug_macro   0x0000129b       0x2e ./Core/Src/can_app.o
 .debug_macro   0x000012c9       0x28 ./Core/Src/can_app.o
 .debug_macro   0x000012f1       0x1c ./Core/Src/can_app.o
 .debug_macro   0x0000130d       0x22 ./Core/Src/can_app.o
 .debug_macro   0x0000132f       0xfb ./Core/Src/can_app.o
 .debug_macro   0x0000142a     0x1011 ./Core/Src/can_app.o
 .debug_macro   0x0000243b      0x11f ./Core/Src/can_app.o
 .debug_macro   0x0000255a    0x1a17a ./Core/Src/can_app.o
 .debug_macro   0x0001c6d4       0x6d ./Core/Src/can_app.o
 .debug_macro   0x0001c741     0x38e6 ./Core/Src/can_app.o
 .debug_macro   0x00020027      0x189 ./Core/Src/can_app.o
 .debug_macro   0x000201b0       0x5c ./Core/Src/can_app.o
 .debug_macro   0x0002020c     0x159e ./Core/Src/can_app.o
 .debug_macro   0x000217aa      0x5a5 ./Core/Src/can_app.o
 .debug_macro   0x00021d4f      0x1b9 ./Core/Src/can_app.o
 .debug_macro   0x00021f08      0x18b ./Core/Src/can_app.o
 .debug_macro   0x00022093      0x26b ./Core/Src/can_app.o
 .debug_macro   0x000222fe      0x23d ./Core/Src/can_app.o
 .debug_macro   0x0002253b      0x408 ./Core/Src/can_app.o
 .debug_macro   0x00022943       0xc7 ./Core/Src/can_app.o
 .debug_macro   0x00022a0a       0x4c ./Core/Src/can_app.o
 .debug_macro   0x00022a56      0x241 ./Core/Src/can_app.o
 .debug_macro   0x00022c97      0x37c ./Core/Src/can_app.o
 .debug_macro   0x00023013       0xd6 ./Core/Src/can_app.o
 .debug_macro   0x000230e9      0x122 ./Core/Src/can_app.o
 .debug_macro   0x0002320b      0x3ef ./Core/Src/can_app.o
 .debug_macro   0x000235fa      0xa98 ./Core/Src/can_app.o
 .debug_macro   0x00024092      0x1e6 ./Core/Src/can_app.o
 .debug_macro   0x00024278      0x330 ./Core/Src/can_app.o
 .debug_macro   0x000245a8       0x22 ./Core/Src/can_app.o
 .debug_macro   0x000245ca      0x1da ./Core/Src/cantp.o
 .debug_macro   0x000247a4      0x1f5 ./Core/Src/main.o
 .debug_macro   0x00024999       0xa0 ./Core/Src/main.o
 .debug_macro   0x00024a39       0x10 ./Core/Src/main.o
 .debug_macro   0x00024a49      0x1d9 ./Core/Src/stm32l4xx_hal_msp.o
 .debug_macro   0x00024c22      0x1e3 ./Core/Src/stm32l4xx_it.o
 .debug_macro   0x00024e05      0x1ca ./Core/Src/system_stm32l4xx.o
 .debug_macro   0x00024fcf      0x218 ./Drivers/STM32L4xx_HAL_Driver/Src/stm32l4xx_hal.o
 .debug_macro   0x000251e7      0x1d2 ./Drivers/STM32L4xx_HAL_Driver/Src/stm32l4xx_hal_can.o
 .debug_macro   0x000253b9      0x1ca ./Drivers/STM32L4xx_HAL_Driver/Src/stm32l4xx_hal_cortex.o
 .debug_macro   0x00025583      0x1ca ./Drivers/STM32L4xx_HAL_Driver/Src/stm32l4xx_hal_crc.o
 .debug_macro   0x0002574d      0x1ca ./Drivers/STM32L4xx_HAL_Driver/Src/stm32l4xx_hal_crc_ex.o
 .debug_macro   0x00025917      0x1d1 ./Drivers/STM32L4xx_HAL_Driver/Src/stm32l4xx_hal_gpio.o
 .debug_macro   0x00025ae8      0x1ee ./Drivers/STM32L4xx_HAL_Driver/Src/stm32l4xx_hal_pwr_ex.o
 .debug_macro   0x00025cd6      0x20c ./Drivers/STM32L4xx_HAL_Driver/Src/stm32l4xx_hal_rcc.o
 .debug_macro   0x00025ee2      0x1cb ./Drivers/STM32L4xx_HAL_Driver/Src/stm32l4xx_hal_tim.o

.debug_line     0x00000000     0xd8d1
 .debug_line    0x00000000      0x7c1 ./Core/Src/can_app.o
 .debug_line    0x000007c1      0x8fa ./Core/Src/cantp.o
 .debug_line    0x000010bb      0xaea ./Core/Src/main.o
 .debug_line    0x00001ba5      0x821 ./Core/Src/stm32l4xx_hal_msp.o
 .debug_line    0x000023c6      0x827 ./Core/Src/stm32l4xx_it.o
 .debug_line    0x00002bed      0x7ff ./Core/Src/system_stm32l4xx.o
 .debug_line    0x000033ec       0x7a ./Core/Startup/startup_stm32l476rctx.o
 .debug_line    0x00003466      0xb5a ./Drivers/STM32L4xx_HAL_Driver/Src/stm32l4xx_hal.o
 .debug_line    0x00003fc0     0x11fd ./Drivers/STM32L4xx_HAL_Driver/Src/stm32l4xx_hal_can.o
 .debug_line    0x000051bd      0xcf9 ./Drivers/STM32L4xx_HAL_Driver/Src/stm32l4xx_hal_cortex.o
 .debug_line    0x00005eb6      0xaa5 ./Drivers/STM32L4xx_HAL_Driver/Src/stm32l4xx_hal_crc.o
 .debug_line    0x0000695b      0x821 ./Drivers/STM32L4xx_HAL_Driver/Src/stm32l4xx_hal_crc_ex.o
 .debug_line    0x0000717c      0xbe6 ./Drivers/STM32L4xx_HAL_Driver/Src/stm32l4xx_hal_gpio.o
 .debug_line    0x00007d62      0xd4c ./Drivers/STM32L4xx_HAL_Driver/Src/stm32l4xx_hal_pwr_ex.o
 .debug_line    0x00008aae      0xfd1 ./Drivers/STM32L4xx_HAL_Driver/Src/stm32l4xx_hal_rcc.o
 .debug_line    0x00009a7f     0x3e52 ./Drivers/STM32L4xx_HAL_Driver/Src/stm32l4xx_hal_tim.o

.debug_str      0x00000000    0xec3be
 .debug_str     0x00000000    0xe844f ./Core/Src/can_app.o
                              0xe86fc (size before relaxing)
 .debug_str     0x000e844f      0x384 ./Core/Src/cantp.o
                              0xe89d1 (size before relaxing)
 .debug_str     0x000e87d3      0xeb1 ./Core/Src/main.o
                              0xe9938 (size before relaxing)
 .debug_str     0x000e9684       0xb6 ./Core/Src/stm32l4xx_hal_msp.o
                              0xe92a9 (size before relaxing)
 .debug_str     0x000e973a       0xc9 ./Core/Src/stm32l4xx_it.o
                              0xe8854 (size before relaxing)
 .debug_str     0x000e9803       0xf2 ./Core/Src/system_stm32l4xx.o
                              0xe875a (size before relaxing)
 .debug_str     0x000e98f5       0x44 ./Core/Startup/startup_stm32l476rctx.o
                                 0x85 (size before relaxing)
 .debug_str     0x000e9939      0xaa8 ./Drivers/STM32L4xx_HAL_Driver/Src/stm32l4xx_hal.o
                              0xe92ed (size before relaxing)
 .debug_str     0x000ea3e1      0x30c ./Drivers/STM32L4xx_HAL_Driver/Src/stm32l4xx_hal_can.o
                              0xe8dd4 (size before relaxing)
 .debug_str     0x000ea6ed      0x344 ./Drivers/STM32L4xx_HAL_Driver/Src/stm32l4xx_hal_cortex.o
                              0xe8fa1 (size before relaxing)
 .debug_str     0x000eaa31       0xcb ./Drivers/STM32L4xx_HAL_Driver/Src/stm32l4xx_hal_crc.o
                              0xe8817 (size before relaxing)
 .debug_str     0x000eaafc       0x69 ./Drivers/STM32L4xx_HAL_Driver/Src/stm32l4xx_hal_crc_ex.o
                              0xe87d1 (size before relaxing)
 .debug_str     0x000eab65      0x123 ./Drivers/STM32L4xx_HAL_Driver/Src/stm32l4xx_hal_gpio.o
                              0xe88d3 (size before relaxing)
 .debug_str     0x000eac88      0x4e3 ./Drivers/STM32L4xx_HAL_Driver/Src/stm32l4xx_hal_pwr_ex.o
                              0xe8cb5 (size before relaxing)
 .debug_str     0x000eb16b      0x3ac ./Drivers/STM32L4xx_HAL_Driver/Src/stm32l4xx_hal_rcc.o
                              0xe8da0 (size before relaxing)
 .debug_str     0x000eb517      0xea7 ./Drivers/STM32L4xx_HAL_Driver/Src/stm32l4xx_hal_tim.o
                              0xe9a9a (size before relaxing)

.comment        0x00000000       0x43
 .comment       0x00000000       0x43 ./Core/Src/can_app.o
                                 0x44 (size before relaxing)
 .comment       0x00000043       0x44 ./Core/Src/cantp.o
 .comment       0x00000043       0x44 ./Core/Src/main.o
 .comment       0x00000043       0x44 ./Core/Src/stm32l4xx_hal_msp.o
 .comment       0x00000043       0x44 ./Core/Src/stm32l4xx_it.o
 .comment       0x00000043       0x44 ./Core/Src/system_stm32l4xx.o
 .comment       0x00000043       0x44 ./Drivers/STM32L4xx_HAL_Driver/Src/stm32l4xx_hal.o
 .comment       0x00000043       0x44 ./Drivers/STM32L4xx_HAL_Driver/Src/stm32l4xx_hal_can.o
 .comment       0x00000043       0x44 ./Drivers/STM32L4xx_HAL_Driver/Src/stm32l4xx_hal_cortex.o
 .comment       0x00000043       0x44 ./Drivers/STM32L4xx_HAL_Driver/Src/stm32l4xx_hal_crc.o
 .comment       0x00000043       0x44 ./Drivers/STM32L4xx_HAL_Driver/Src/stm32l4xx_hal_crc_ex.o
 .comment       0x00000043       0x44 ./Drivers/STM32L4xx_HAL_Driver/Src/stm32l4xx_hal_gpio.o
 .comment       0x00000043       0x44 ./Drivers/STM32L4xx_HAL_Driver/Src/stm32l4xx_hal_pwr_ex.o
 .comment       0x00000043       0x44 ./Drivers/STM32L4xx_HAL_Driver/Src/stm32l4xx_hal_rcc.o
 .comment       0x00000043       0x44 ./Drivers/STM32L4xx_HAL_Driver/Src/stm32l4xx_hal_tim.o

.debug_frame    0x00000000     0x324c
 .debug_frame   0x00000000       0x74 ./Core/Src/can_app.o
 .debug_frame   0x00000074      0x148 ./Core/Src/cantp.o
 .debug_frame   0x000001bc      0x204 ./Core/Src/main.o
 .debug_frame   0x000003c0      0x120 ./Core/Src/stm32l4xx_hal_msp.o
 .debug_frame   0x000004e0      0x104 ./Core/Src/stm32l4xx_it.o
 .debug_frame   0x000005e4       0x58 ./Core/Src/system_stm32l4xx.o
 .debug_frame   0x0000063c      0x498 ./Drivers/STM32L4xx_HAL_Driver/Src/stm32l4xx_hal.o
 .debug_frame   0x00000ad4      0x5a0 ./Drivers/STM32L4xx_HAL_Driver/Src/stm32l4xx_hal_can.o
 .debug_frame   0x00001074      0x498 ./Drivers/STM32L4xx_HAL_Driver/Src/stm32l4xx_hal_cortex.o
 .debug_frame   0x0000150c      0x168 ./Drivers/STM32L4xx_HAL_Driver/Src/stm32l4xx_hal_crc.o
 .debug_frame   0x00001674       0x88 ./Drivers/STM32L4xx_HAL_Driver/Src/stm32l4xx_hal_crc_ex.o
 .debug_frame   0x000016fc      0x14c ./Drivers/STM32L4xx_HAL_Driver/Src/stm32l4xx_hal_gpio.o
 .debug_frame   0x00001848      0x584 ./Drivers/STM32L4xx_HAL_Driver/Src/stm32l4xx_hal_pwr_ex.o
 .debug_frame   0x00001dcc      0x21c ./Drivers/STM32L4xx_HAL_Driver/Src/stm32l4xx_hal_rcc.o
 .debug_frame   0x00001fe8     0x1218 ./Drivers/STM32L4xx_HAL_Driver/Src/stm32l4xx_hal_tim.o
 .debug_frame   0x00003200       0x20 C:/ST/STM32CubeIDE_1.15.1/STM32CubeIDE/plugins/com.st.stm32cube.ide.mcu.externaltools.gnu-tools-for-stm32.12.3.rel1.win32_1.0.100.202403111256/tools/bin/../lib/gcc/arm-none-eabi/12.3.1/../../../../arm-none-eabi/lib/thumb/v7e-m+fp/hard\libc_nano.a(libc_a-memset.o)
 .debug_frame   0x00003220       0x2c C:/ST/STM32CubeIDE_1.15.1/STM32CubeIDE/plugins/com.st.stm32cube.ide.mcu.externaltools.gnu-tools-for-stm32.12.3.rel1.win32_1.0.100.202403111256/tools/bin/../lib/gcc/arm-none-eabi/12.3.1/../../../../arm-none-eabi/lib/thumb/v7e-m+fp/hard\libc_nano.a(libc_a-init.o)

.debug_line_str
                0x00000000       0x69
 .debug_line_str
                0x00000000       0x69 ./Core/Startup/startup_stm32l476rctx.o
