Archive member included to satisfy reference by file (symbol)

C:/ST/STM32CubeIDE_1.15.1/STM32CubeIDE/plugins/com.st.stm32cube.ide.mcu.externaltools.gnu-tools-for-stm32.12.3.rel1.win32_1.0.100.202403111256/tools/bin/../lib/gcc/arm-none-eabi/12.3.1/../../../../arm-none-eabi/lib/thumb/v7e-m+fp/hard\libc_nano.a(libc_a-exit.o)
                              C:/ST/STM32CubeIDE_1.15.1/STM32CubeIDE/plugins/com.st.stm32cube.ide.mcu.externaltools.gnu-tools-for-stm32.12.3.rel1.win32_1.0.100.202403111256/tools/bin/../lib/gcc/arm-none-eabi/12.3.1/../../../../arm-none-eabi/lib/thumb/v7e-m+fp/hard/crt0.o (exit)
C:/ST/STM32CubeIDE_1.15.1/STM32CubeIDE/plugins/com.st.stm32cube.ide.mcu.externaltools.gnu-tools-for-stm32.12.3.rel1.win32_1.0.100.202403111256/tools/bin/../lib/gcc/arm-none-eabi/12.3.1/../../../../arm-none-eabi/lib/thumb/v7e-m+fp/hard\libc_nano.a(libc_a-findfp.o)
                              C:/ST/STM32CubeIDE_1.15.1/STM32CubeIDE/plugins/com.st.stm32cube.ide.mcu.externaltools.gnu-tools-for-stm32.12.3.rel1.win32_1.0.100.202403111256/tools/bin/../lib/gcc/arm-none-eabi/12.3.1/../../../../arm-none-eabi/lib/thumb/v7e-m+fp/hard\libc_nano.a(libc_a-exit.o) (__stdio_exit_handler)
C:/ST/STM32CubeIDE_1.15.1/STM32CubeIDE/plugins/com.st.stm32cube.ide.mcu.externaltools.gnu-tools-for-stm32.12.3.rel1.win32_1.0.100.202403111256/tools/bin/../lib/gcc/arm-none-eabi/12.3.1/../../../../arm-none-eabi/lib/thumb/v7e-m+fp/hard\libc_nano.a(libc_a-fwalk.o)
                              C:/ST/STM32CubeIDE_1.15.1/STM32CubeIDE/plugins/com.st.stm32cube.ide.mcu.externaltools.gnu-tools-for-stm32.12.3.rel1.win32_1.0.100.202403111256/tools/bin/../lib/gcc/arm-none-eabi/12.3.1/../../../../arm-none-eabi/lib/thumb/v7e-m+fp/hard\libc_nano.a(libc_a-findfp.o) (_fwalk_sglue)
C:/ST/STM32CubeIDE_1.15.1/STM32CubeIDE/plugins/com.st.stm32cube.ide.mcu.externaltools.gnu-tools-for-stm32.12.3.rel1.win32_1.0.100.202403111256/tools/bin/../lib/gcc/arm-none-eabi/12.3.1/../../../../arm-none-eabi/lib/thumb/v7e-m+fp/hard\libc_nano.a(libc_a-stdio.o)
                              C:/ST/STM32CubeIDE_1.15.1/STM32CubeIDE/plugins/com.st.stm32cube.ide.mcu.externaltools.gnu-tools-for-stm32.12.3.rel1.win32_1.0.100.202403111256/tools/bin/../lib/gcc/arm-none-eabi/12.3.1/../../../../arm-none-eabi/lib/thumb/v7e-m+fp/hard\libc_nano.a(libc_a-findfp.o) (__sread)
C:/ST/STM32CubeIDE_1.15.1/STM32CubeIDE/plugins/com.st.stm32cube.ide.mcu.externaltools.gnu-tools-for-stm32.12.3.rel1.win32_1.0.100.202403111256/tools/bin/../lib/gcc/arm-none-eabi/12.3.1/../../../../arm-none-eabi/lib/thumb/v7e-m+fp/hard\libc_nano.a(libc_a-memset.o)
                              C:/ST/STM32CubeIDE_1.15.1/STM32CubeIDE/plugins/com.st.stm32cube.ide.mcu.externaltools.gnu-tools-for-stm32.12.3.rel1.win32_1.0.100.202403111256/tools/bin/../lib/gcc/arm-none-eabi/12.3.1/../../../../arm-none-eabi/lib/thumb/v7e-m+fp/hard/crt0.o (memset)
C:/ST/STM32CubeIDE_1.15.1/STM32CubeIDE/plugins/com.st.stm32cube.ide.mcu.externaltools.gnu-tools-for-stm32.12.3.rel1.win32_1.0.100.202403111256/tools/bin/../lib/gcc/arm-none-eabi/12.3.1/../../../../arm-none-eabi/lib/thumb/v7e-m+fp/hard\libc_nano.a(libc_a-closer.o)
                              C:/ST/STM32CubeIDE_1.15.1/STM32CubeIDE/plugins/com.st.stm32cube.ide.mcu.externaltools.gnu-tools-for-stm32.12.3.rel1.win32_1.0.100.202403111256/tools/bin/../lib/gcc/arm-none-eabi/12.3.1/../../../../arm-none-eabi/lib/thumb/v7e-m+fp/hard\libc_nano.a(libc_a-stdio.o) (_close_r)
C:/ST/STM32CubeIDE_1.15.1/STM32CubeIDE/plugins/com.st.stm32cube.ide.mcu.externaltools.gnu-tools-for-stm32.12.3.rel1.win32_1.0.100.202403111256/tools/bin/../lib/gcc/arm-none-eabi/12.3.1/../../../../arm-none-eabi/lib/thumb/v7e-m+fp/hard\libc_nano.a(libc_a-reent.o)
                              C:/ST/STM32CubeIDE_1.15.1/STM32CubeIDE/plugins/com.st.stm32cube.ide.mcu.externaltools.gnu-tools-for-stm32.12.3.rel1.win32_1.0.100.202403111256/tools/bin/../lib/gcc/arm-none-eabi/12.3.1/../../../../arm-none-eabi/lib/thumb/v7e-m+fp/hard\libc_nano.a(libc_a-closer.o) (errno)
C:/ST/STM32CubeIDE_1.15.1/STM32CubeIDE/plugins/com.st.stm32cube.ide.mcu.externaltools.gnu-tools-for-stm32.12.3.rel1.win32_1.0.100.202403111256/tools/bin/../lib/gcc/arm-none-eabi/12.3.1/../../../../arm-none-eabi/lib/thumb/v7e-m+fp/hard\libc_nano.a(libc_a-impure.o)
                              C:/ST/STM32CubeIDE_1.15.1/STM32CubeIDE/plugins/com.st.stm32cube.ide.mcu.externaltools.gnu-tools-for-stm32.12.3.rel1.win32_1.0.100.202403111256/tools/bin/../lib/gcc/arm-none-eabi/12.3.1/../../../../arm-none-eabi/lib/thumb/v7e-m+fp/hard\libc_nano.a(libc_a-reent.o) (_impure_ptr)
C:/ST/STM32CubeIDE_1.15.1/STM32CubeIDE/plugins/com.st.stm32cube.ide.mcu.externaltools.gnu-tools-for-stm32.12.3.rel1.win32_1.0.100.202403111256/tools/bin/../lib/gcc/arm-none-eabi/12.3.1/../../../../arm-none-eabi/lib/thumb/v7e-m+fp/hard\libc_nano.a(libc_a-lseekr.o)
[...]
Memory Configuration

Name             Origin             Length             Attributes
RAM              0x20000000         0x00018000         xrw
RAM2             0x10000000         0x00008000         xrw
FLASH            0x08000000         0x00040000         xr
*default*        0x00000000         0xffffffff

Linker script and memory map

LOAD C:/ST/STM32CubeIDE_1.15.1/STM32CubeIDE/plugins/com.st.stm32cube.ide.mcu.externaltools.gnu-tools-for-stm32.12.3.rel1.win32_1.0.100.202403111256/tools/bin/../lib/gcc/arm-none-eabi/12.3.1/thumb/v7e-m+fp/hard/crti.o
LOAD C:/ST/STM32CubeIDE_1.15.1/STM32CubeIDE/plugins/com.st.stm32cube.ide.mcu.externaltools.gnu-tools-for-stm32.12.3.rel1.win32_1.0.100.202403111256/tools/bin/../lib/gcc/arm-none-eabi/12.3.1/thumb/v7e-m+fp/hard/crtbegin.o
LOAD C:/ST/STM32CubeIDE_1.15.1/STM32CubeIDE/plugins/com.st.stm32cube.ide.mcu.externaltools.gnu-tools-for-stm32.12.3.rel1.win32_1.0.100.202403111256/tools/bin/../lib/gcc/arm-none-eabi/12.3.1/../../../../arm-none-eabi/lib/thumb/v7e-m+fp/hard/crt0.o
LOAD ./Core/Src/bootloader.o
LOAD ./Core/Src/main.o
LOAD ./Core/Src/stm32l4xx_hal_msp.o
LOAD ./Core/Src/stm32l4xx_it.o
LOAD ./Core/Src/syscalls.o
LOAD ./Core/Src/sysmem.o
LOAD ./Core/Src/system_stm32l4xx.o
LOAD ./Core/Startup/startup_stm32l476rctx.o
LOAD ./Drivers/STM32L4xx_HAL_Driver/Src/stm32l4xx_hal.o
LOAD ./Drivers/STM32L4xx_HAL_Driver/Src/stm32l4xx_hal_can.o
LOAD ./Drivers/STM32L4xx_HAL_Driver/Src/stm32l4xx_hal_cortex.o
LOAD ./Drivers/STM32L4xx_HAL_Driver/Src/stm32l4xx_hal_crc.o
LOAD ./Drivers/STM32L4xx_HAL_Driver/Src/stm32l4xx_hal_crc_ex.o
LOAD ./Drivers/STM32L4xx_HAL_Driver/Src/stm32l4xx_hal_dma.o
LOAD ./Drivers/STM32L4xx_HAL_Driver/Src/stm32l4xx_hal_dma_ex.o
LOAD ./Drivers/STM32L4xx_HAL_Driver/Src/stm32l4xx_hal_exti.o
LOAD ./Drivers/STM32L4xx_HAL_Driver/Src/stm32l4xx_hal_flash.o
LOAD ./Drivers/STM32L4xx_HAL_Driver/Src/stm32l4xx_hal_flash_ex.o
LOAD ./Drivers/STM32L4xx_HAL_Driver/Src/stm32l4xx_hal_flash_ramfunc.o
LOAD ./Drivers/STM32L4xx_HAL_Driver/Src/stm32l4xx_hal_gpio.o
LOAD ./Drivers/STM32L4xx_HAL_Driver/Src/stm32l4xx_hal_i2c.o
LOAD ./Drivers/STM32L4xx_HAL_Driver/Src/stm32l4xx_hal_i2c_ex.o
LOAD ./Drivers/STM32L4xx_HAL_Driver/Src/stm32l4xx_hal_pwr.o
LOAD ./Drivers/STM32L4xx_HAL_Driver/Src/stm32l4xx_hal_pwr_ex.o
LOAD ./Drivers/STM32L4xx_HAL_Driver/Src/stm32l4xx_hal_rcc.o
LOAD ./Drivers/STM32L4xx_HAL_Driver/Src/stm32l4xx_hal_rcc_ex.o
LOAD ./Drivers/STM32L4xx_HAL_Driver/Src/stm32l4xx_hal_tim.o
LOAD ./Drivers/STM32L4xx_HAL_Driver/Src/stm32l4xx_hal_tim_ex.o
START GROUP
LOAD C:/ST/STM32CubeIDE_1.15.1/STM32CubeIDE/plugins/com.st.stm32cube.ide.mcu.externaltools.gnu-tools-for-stm32.12.3.rel1.win32_1.0.100.202403111256/tools/bin/../lib/gcc/arm-none-eabi/12.3.1/../../../../arm-none-eabi/lib/thumb/v7e-m+fp/hard\libc_nano.a
LOAD C:/ST/STM32CubeIDE_1.15.1/STM32CubeIDE/plugins/com.st.stm32cube.ide.mcu.externaltools.gnu-tools-for-stm32.12.3.rel1.win32_1.0.100.202403111256/tools/bin/../lib/gcc/arm-none-eabi/12.3.1/../../../../arm-none-eabi/lib/thumb/v7e-m+fp/hard\libm.a
END GROUP
START GROUP
LOAD C:/ST/STM32CubeIDE_1.15.1/STM32CubeIDE/plugins/com.st.stm32cube.ide.mcu.externaltools.gnu-tools-for-stm32.12.3.rel1.win32_1.0.100.202403111256/tools/bin/../lib/gcc/arm-none-eabi/12.3.1/thumb/v7e-m+fp/hard\libgcc.a
LOAD C:/ST/STM32CubeIDE_1.15.1/STM32CubeIDE/plugins/com.st.stm32cube.ide.mcu.externaltools.gnu-tools-for-stm32.12.3.rel1.win32_1.0.100.202403111256/tools/bin/../lib/gcc/arm-none-eabi/12.3.1/../../../../arm-none-eabi/lib/thumb/v7e-m+fp/hard\libc_nano.a
END GROUP
START GROUP
LOAD C:/ST/STM32CubeIDE_1.15.1/STM32CubeIDE/plugins/com.st.stm32cube.ide.mcu.externaltools.gnu-tools-for-stm32.12.3.rel1.win32_1.0.100.202403111256/tools/bin/../lib/gcc/arm-none-eabi/12.3.1/thumb/v7e-m+fp/hard\libgcc.a
LOAD C:/ST/STM32CubeIDE_1.15.1/STM32CubeIDE/plugins/com.st.stm32cube.ide.mcu.externaltools.gnu-tools-for-stm32.12.3.rel1.win32_1.0.100.202403111256/tools/bin/../lib/gcc/arm-none-eabi/12.3.1/../../../../arm-none-eabi/lib/thumb/v7e-m+fp/hard\libc_nano.a
LOAD C:/ST/STM32CubeIDE_1.15.1/STM32CubeIDE/plugins/com.st.stm32cube.ide.mcu.externaltools.gnu-tools-for-stm32.12.3.rel1.win32_1.0.100.202403111256/tools/bin/../lib/gcc/arm-none-eabi/12.3.1/../../../../arm-none-eabi/lib/thumb/v7e-m+fp/hard\libnosys.a
END GROUP
START GROUP
LOAD C:/ST/STM32CubeIDE_1.15.1/STM32CubeIDE/plugins/com.st.stm32cube.ide.mcu.externaltools.gnu-tools-for-stm32.12.3.rel1.win32_1.0.100.202403111256/tools/bin/../lib/gcc/arm-none-eabi/12.3.1/thumb/v7e-m+fp/hard\libgcc.a
LOAD C:/ST/STM32CubeIDE_1.15.1/STM32CubeIDE/plugins/com.st.stm32cube.ide.mcu.externaltools.gnu-tools-for-stm32.12.3.rel1.win32_1.0.100.202403111256/tools/bin/../lib/gcc/arm-none-eabi/12.3.1/../../../../arm-none-eabi/lib/thumb/v7e-m+fp/hard\libc_nano.a
LOAD C:/ST/STM32CubeIDE_1.15.1/STM32CubeIDE/plugins/com.st.stm32cube.ide.mcu.externaltools.gnu-tools-for-stm32.12.3.rel1.win32_1.0.100.202403111256/tools/bin/../lib/gcc/arm-none-eabi/12.3.1/../../../../arm-none-eabi/lib/thumb/v7e-m+fp/hard\libnosys.a
END GROUP
LOAD C:/ST/STM32CubeIDE_1.15.1/STM32CubeIDE/plugins/com.st.stm32cube.ide.mcu.externaltools.gnu-tools-for-stm32.12.3.rel1.win32_1.0.100.202403111256/tools/bin/../lib/gcc/arm-none-eabi/12.3.1/thumb/v7e-m+fp/hard/crtend.o
LOAD C:/ST/STM32CubeIDE_1.15.1/STM32CubeIDE/plugins/com.st.stm32cube.ide.mcu.externaltools.gnu-tools-for-stm32.12.3.rel1.win32_1.0.100.202403111256/tools/bin/../lib/gcc/arm-none-eabi/12.3.1/thumb/v7e-m+fp/hard/crtn.o
                0x20018000                        _estack = (ORIGIN (RAM) + LENGTH (RAM))
                0x00000200                        _Min_Heap_Size = 0x200
                0x00000400                        _Min_Stack_Size = 0x400

.isr_vector     0x08000000      0x188
                0x08000000                        . = ALIGN (0x4)
 *(.isr_vector)
 .isr_vector    0x08000000      0x188 ./Core/Startup/startup_stm32l476rctx.o
                0x08000000                g_pfnVectors
                0x08000188                        . = ALIGN (0x4)

.text           0x08000188     0x2e88
                0x08000188                        . = ALIGN (0x4)
 *(.text)
 .text          0x08000188       0x40 C:/ST/STM32CubeIDE_1.15.1/STM32CubeIDE/plugins/com.st.stm32cube.ide.mcu.externaltools.gnu-tools-for-stm32.12.3.rel1.win32_1.0.100.202403111256/tools/bin/../lib/gcc/arm-none-eabi/12.3.1/thumb/v7e-m+fp/hard/crtbegin.o
 *(.text*)
 .text.btld_EraseFlash
                0x080001c8       0x84 ./Core/Src/bootloader.o
                0x080001c8                btld_EraseFlash
 .text.btld_FlashBegin
                0x0800024c       0x1c ./Core/Src/bootloader.o
                0x0800024c                btld_FlashBegin
 .text.btld_FlashEnd
                0x08000268        0xc ./Core/Src/bootloader.o
                0x08000268                btld_FlashEnd
 .text.btld_GetBootChecksum
                0x08000274       0x28 ./Core/Src/bootloader.o
                0x08000274                btld_GetBootChecksum
 .text.btld_GetChecksum
                0x0800029c       0x2c ./Core/Src/bootloader.o
                0x0800029c                btld_GetChecksum
 .text.btld_CheckForApplication
                0x080002c8       0x28 ./Core/Src/bootloader.o
                0x080002c8                btld_CheckForApplication
 .text.btld_JumpToApp
                0x080002f0       0x5c ./Core/Src/bootloader.o
                0x080002f0                btld_JumpToApp
 .text.main     0x0800034c      0x2f8 ./Core/Src/main.o
                0x0800034c                main
 .text.SystemClock_Config
                0x08000644       0x8c ./Core/Src/main.o
                0x08000644                SystemClock_Config
 .text.MX_CAN1_Init
                0x080006d0       0x6c ./Core/Src/main.o
 .text.MX_CRC_Init
                0x0800073c       0x44 ./Core/Src/main.o
 .text.MX_TIM17_Init
                0x08000780       0x50 ./Core/Src/main.o
 .text.MX_GPIO_Init
                0x080007d0       0x7c ./Core/Src/main.o
 .text.config_can_filter
                0x0800084c       0x6c ./Core/Src/main.o
                0x0800084c                config_can_filter
 .text.Error_Handler
                0x080008b8        0xc ./Core/Src/main.o
                0x080008b8                Error_Handler
 .text.HAL_MspInit
                0x080008c4       0x48 ./Core/Src/stm32l4xx_hal_msp.o
                0x080008c4                HAL_MspInit
 .text.HAL_CAN_MspInit
                0x0800090c       0x88 ./Core/Src/stm32l4xx_hal_msp.o
                0x0800090c                HAL_CAN_MspInit
 .text.HAL_CRC_MspInit
                0x08000994       0x40 ./Core/Src/stm32l4xx_hal_msp.o
                0x08000994                HAL_CRC_MspInit
 .text.HAL_TIM_Base_MspInit
                0x080009d4       0x40 ./Core/Src/stm32l4xx_hal_msp.o
                0x080009d4                HAL_TIM_Base_MspInit
 .text.NMI_Handler
                0x08000a14        0x8 ./Core/Src/stm32l4xx_it.o
                0x08000a14                NMI_Handler
 .text.HardFault_Handler
                0x08000a1c        0x8 ./Core/Src/stm32l4xx_it.o
                0x08000a1c                HardFault_Handler
 .text.MemManage_Handler
                0x08000a24        0x8 ./Core/Src/stm32l4xx_it.o
                0x08000a24                MemManage_Handler
 .text.BusFault_Handler
                0x08000a2c        0x8 ./Core/Src/stm32l4xx_it.o
                0x08000a2c                BusFault_Handler
 .text.UsageFault_Handler
                0x08000a34        0x8 ./Core/Src/stm32l4xx_it.o
                0x08000a34                UsageFault_Handler
 .text.SVC_Handler
                0x08000a3c        0xe ./Core/Src/stm32l4xx_it.o
                0x08000a3c                SVC_Handler
 .text.DebugMon_Handler
                0x08000a4a        0xe ./Core/Src/stm32l4xx_it.o
                0x08000a4a                DebugMon_Handler
 .text.PendSV_Handler
                0x08000a58        0xe ./Core/Src/stm32l4xx_it.o
                0x08000a58                PendSV_Handler
 .text.SysTick_Handler
                0x08000a66        0xc ./Core/Src/stm32l4xx_it.o
                0x08000a66                SysTick_Handler
 *fill*         0x08000a72        0x2 
 .text.SystemInit
                0x08000a74       0x24 ./Core/Src/system_stm32l4xx.o
                0x08000a74                SystemInit
 .text.Reset_Handler
                0x08000a98       0x50 ./Core/Startup/startup_stm32l476rctx.o
                0x08000a98                Reset_Handler
 .text.Default_Handler
                0x08000ae8        0x2 ./Core/Startup/startup_stm32l476rctx.o
                0x08000ae8                RTC_Alarm_IRQHandler
                0x08000ae8                EXTI2_IRQHandler
                0x08000ae8                TIM8_TRG_COM_IRQHandler
                0x08000ae8                TIM8_CC_IRQHandler
                0x08000ae8                TIM1_CC_IRQHandler
                0x08000ae8                TSC_IRQHandler
                0x08000ae8                TAMP_STAMP_IRQHandler
                0x08000ae8                EXTI3_IRQHandler
                0x08000ae8                LPTIM2_IRQHandler
                0x08000ae8                DFSDM1_FLT1_IRQHandler
                0x08000ae8                I2C3_ER_IRQHandler
                0x08000ae8                DFSDM1_FLT2_IRQHandler
                0x08000ae8                EXTI0_IRQHandler
                0x08000ae8                I2C2_EV_IRQHandler
                0x08000ae8                CAN1_RX0_IRQHandler
                0x08000ae8                FPU_IRQHandler
                0x08000ae8                TIM1_UP_TIM16_IRQHandler
                0x08000ae8                ADC1_2_IRQHandler
                0x08000ae8                SPI1_IRQHandler
                0x08000ae8                TIM6_DAC_IRQHandler
                0x08000ae8                TIM8_UP_IRQHandler
                0x08000ae8                DMA2_Channel2_IRQHandler
                0x08000ae8                DMA1_Channel4_IRQHandler
                0x08000ae8                SAI2_IRQHandler
                0x08000ae8                DFSDM1_FLT3_IRQHandler
                0x08000ae8                USART3_IRQHandler
                0x08000ae8                DMA1_Channel7_IRQHandler
                0x08000ae8                CAN1_RX1_IRQHandler
                0x08000ae8                LCD_IRQHandler
                0x08000ae8                UART5_IRQHandler
                0x08000ae8                ADC3_IRQHandler
                0x08000ae8                TIM4_IRQHandler
                0x08000ae8                DMA2_Channel1_IRQHandler
                0x08000ae8                QUADSPI_IRQHandler
                0x08000ae8                I2C1_EV_IRQHandler
                0x08000ae8                DMA1_Channel6_IRQHandler
                0x08000ae8                UART4_IRQHandler
                0x08000ae8                DMA2_Channel4_IRQHandler
                0x08000ae8                TIM3_IRQHandler
                0x08000ae8                RCC_IRQHandler
                0x08000ae8                DMA1_Channel1_IRQHandler
                0x08000ae8                Default_Handler
                0x08000ae8                DMA2_Channel7_IRQHandler
                0x08000ae8                EXTI15_10_IRQHandler
                0x08000ae8                TIM7_IRQHandler
                0x08000ae8                SDMMC1_IRQHandler
                0x08000ae8                TIM5_IRQHandler
                0x08000ae8                I2C3_EV_IRQHandler
                0x08000ae8                EXTI9_5_IRQHandler
                0x08000ae8                RTC_WKUP_IRQHandler
                0x08000ae8                PVD_PVM_IRQHandler
                0x08000ae8                SPI2_IRQHandler
                0x08000ae8                CAN1_TX_IRQHandler
                0x08000ae8                DMA2_Channel5_IRQHandler
                0x08000ae8                DMA1_Channel5_IRQHandler
                0x08000ae8                EXTI4_IRQHandler
                0x08000ae8                RNG_IRQHandler
                0x08000ae8                TIM1_TRG_COM_TIM17_IRQHandler
                0x08000ae8                DMA1_Channel3_IRQHandler
                0x08000ae8                COMP_IRQHandler
                0x08000ae8                WWDG_IRQHandler
                0x08000ae8                LPUART1_IRQHandler
                0x08000ae8                DMA2_Channel6_IRQHandler
                0x08000ae8                TIM2_IRQHandler
                0x08000ae8                EXTI1_IRQHandler
                0x08000ae8                USART2_IRQHandler
                0x08000ae8                DFSDM1_FLT0_IRQHandler
                0x08000ae8                I2C2_ER_IRQHandler
                0x08000ae8                DMA1_Channel2_IRQHandler
                0x08000ae8                TIM8_BRK_IRQHandler
                0x08000ae8                CAN1_SCE_IRQHandler
                0x08000ae8                FLASH_IRQHandler
                0x08000ae8                USART1_IRQHandler
                0x08000ae8                OTG_FS_IRQHandler
                0x08000ae8                SPI3_IRQHandler
                0x08000ae8                I2C1_ER_IRQHandler
                0x08000ae8                FMC_IRQHandler
                0x08000ae8                SWPMI1_IRQHandler
                0x08000ae8                LPTIM1_IRQHandler
                0x08000ae8                SAI1_IRQHandler
                0x08000ae8                DMA2_Channel3_IRQHandler
                0x08000ae8                TIM1_BRK_TIM15_IRQHandler
 .text.HAL_Init
                0x08000aea       0x30 ./Drivers/STM32L4xx_HAL_Driver/Src/stm32l4xx_hal.o
                0x08000aea                HAL_Init
 *fill*         0x08000b1a        0x2 
 .text.HAL_DeInit
                0x08000b1c       0x68 ./Drivers/STM32L4xx_HAL_Driver/Src/stm32l4xx_hal.o
                0x08000b1c                HAL_DeInit
 .text.HAL_MspDeInit
                0x08000b84        0xe ./Drivers/STM32L4xx_HAL_Driver/Src/stm32l4xx_hal.o
                0x08000b84                HAL_MspDeInit
 *fill*         0x08000b92        0x2 
 .text.HAL_InitTick
                0x08000b94       0x78 ./Drivers/STM32L4xx_HAL_Driver/Src/stm32l4xx_hal.o
                0x08000b94                HAL_InitTick
 .text.HAL_IncTick
                0x08000c0c       0x28 ./Drivers/STM32L4xx_HAL_Driver/Src/stm32l4xx_hal.o
                0x08000c0c                HAL_IncTick
 .text.HAL_GetTick
                0x08000c34       0x18 ./Drivers/STM32L4xx_HAL_Driver/Src/stm32l4xx_hal.o
                0x08000c34                HAL_GetTick
 .text.HAL_CAN_Init
                0x08000c4c      0x1f6 ./Drivers/STM32L4xx_HAL_Driver/Src/stm32l4xx_hal_can.o
                0x08000c4c                HAL_CAN_Init
 .text.HAL_CAN_ConfigFilter
                0x08000e42      0x194 ./Drivers/STM32L4xx_HAL_Driver/Src/stm32l4xx_hal_can.o
                0x08000e42                HAL_CAN_ConfigFilter
 .text.HAL_CAN_Start
                0x08000fd6       0x88 ./Drivers/STM32L4xx_HAL_Driver/Src/stm32l4xx_hal_can.o
                0x08000fd6                HAL_CAN_Start
 .text.HAL_CAN_AddTxMessage
                0x0800105e      0x1a0 ./Drivers/STM32L4xx_HAL_Driver/Src/stm32l4xx_hal_can.o
                0x0800105e                HAL_CAN_AddTxMessage
 .text.HAL_CAN_ActivateNotification
                0x080011fe       0x4c ./Drivers/STM32L4xx_HAL_Driver/Src/stm32l4xx_hal_can.o
                0x080011fe                HAL_CAN_ActivateNotification
 *fill*         0x0800124a        0x2 
 .text.__NVIC_SetPriorityGrouping
                0x0800124c       0x48 ./Drivers/STM32L4xx_HAL_Driver/Src/stm32l4xx_hal_cortex.o
 .text.__NVIC_GetPriorityGrouping
                0x08001294       0x1c ./Drivers/STM32L4xx_HAL_Driver/Src/stm32l4xx_hal_cortex.o
 .text.__NVIC_SetPriority
                0x080012b0       0x54 ./Drivers/STM32L4xx_HAL_Driver/Src/stm32l4xx_hal_cortex.o
 .text.NVIC_EncodePriority
                0x08001304       0x66 ./Drivers/STM32L4xx_HAL_Driver/Src/stm32l4xx_hal_cortex.o
 *fill*         0x0800136a        0x2 
 .text.SysTick_Config
                0x0800136c       0x44 ./Drivers/STM32L4xx_HAL_Driver/Src/stm32l4xx_hal_cortex.o
 .text.HAL_NVIC_SetPriorityGrouping
                0x080013b0       0x16 ./Drivers/STM32L4xx_HAL_Driver/Src/stm32l4xx_hal_cortex.o
                0x080013b0                HAL_NVIC_SetPriorityGrouping
 .text.HAL_NVIC_SetPriority
                0x080013c6       0x38 ./Drivers/STM32L4xx_HAL_Driver/Src/stm32l4xx_hal_cortex.o
                0x080013c6                HAL_NVIC_SetPriority
 .text.HAL_SYSTICK_Config
                0x080013fe       0x18 ./Drivers/STM32L4xx_HAL_Driver/Src/stm32l4xx_hal_cortex.o
                0x080013fe                HAL_SYSTICK_Config
 *fill*         0x08001416        0x2 
 .text.HAL_CRC_Init
                0x08001418       0xc8 ./Drivers/STM32L4xx_HAL_Driver/Src/stm32l4xx_hal_crc.o
                0x08001418                HAL_CRC_Init
 .text.HAL_CRC_Calculate
                0x080014e0       0x98 ./Drivers/STM32L4xx_HAL_Driver/Src/stm32l4xx_hal_crc.o
                0x080014e0                HAL_CRC_Calculate
 .text.CRC_Handle_8
                0x08001578      0x11c ./Drivers/STM32L4xx_HAL_Driver/Src/stm32l4xx_hal_crc.o
 .text.CRC_Handle_16
                0x08001694       0x74 ./Drivers/STM32L4xx_HAL_Driver/Src/stm32l4xx_hal_crc.o
 .text.HAL_CRCEx_Polynomial_Set
                0x08001708      0x11c ./Drivers/STM32L4xx_HAL_Driver/Src/stm32l4xx_hal_crc_ex.o
                0x08001708                HAL_CRCEx_Polynomial_Set
 .text.HAL_FLASH_Unlock
                0x08001824       0x44 ./Drivers/STM32L4xx_HAL_Driver/Src/stm32l4xx_hal_flash.o
                0x08001824                HAL_FLASH_Unlock
 .text.HAL_FLASH_Lock
                0x08001868       0x20 ./Drivers/STM32L4xx_HAL_Driver/Src/stm32l4xx_hal_flash.o
                0x08001868                HAL_FLASH_Lock
 .text.FLASH_WaitForLastOperation
                0x08001888       0xac ./Drivers/STM32L4xx_HAL_Driver/Src/stm32l4xx_hal_flash.o
                0x08001888                FLASH_WaitForLastOperation
 .text.HAL_FLASHEx_Erase
                0x08001934      0x138 ./Drivers/STM32L4xx_HAL_Driver/Src/stm32l4xx_hal_flash_ex.o
                0x08001934                HAL_FLASHEx_Erase
 .text.FLASH_MassErase
                0x08001a6c       0x50 ./Drivers/STM32L4xx_HAL_Driver/Src/stm32l4xx_hal_flash_ex.o
 .text.FLASH_PageErase
                0x08001abc       0x6c ./Drivers/STM32L4xx_HAL_Driver/Src/stm32l4xx_hal_flash_ex.o
                0x08001abc                FLASH_PageErase
 .text.FLASH_FlushCaches
                0x08001b28       0x94 ./Drivers/STM32L4xx_HAL_Driver/Src/stm32l4xx_hal_flash_ex.o
                0x08001b28                FLASH_FlushCaches
 .text.HAL_GPIO_Init
                0x08001bbc      0x354 ./Drivers/STM32L4xx_HAL_Driver/Src/stm32l4xx_hal_gpio.o
                0x08001bbc                HAL_GPIO_Init
 .text.HAL_GPIO_WritePin
                0x08001f10       0x30 ./Drivers/STM32L4xx_HAL_Driver/Src/stm32l4xx_hal_gpio.o
                0x08001f10                HAL_GPIO_WritePin
 .text.HAL_PWREx_GetVoltageRange
                0x08001f40       0x1c ./Drivers/STM32L4xx_HAL_Driver/Src/stm32l4xx_hal_pwr_ex.o
                0x08001f40                HAL_PWREx_GetVoltageRange
 .text.HAL_PWREx_ControlVoltageScaling
                0x08001f5c       0xac ./Drivers/STM32L4xx_HAL_Driver/Src/stm32l4xx_hal_pwr_ex.o
                0x08001f5c                HAL_PWREx_ControlVoltageScaling
 .text.HAL_RCC_DeInit
                0x08002008      0x144 ./Drivers/STM32L4xx_HAL_Driver/Src/stm32l4xx_hal_rcc.o
                0x08002008                HAL_RCC_DeInit
 .text.HAL_RCC_OscConfig
                0x0800214c      0x7b8 ./Drivers/STM32L4xx_HAL_Driver/Src/stm32l4xx_hal_rcc.o
                0x0800214c                HAL_RCC_OscConfig
 .text.HAL_RCC_ClockConfig
                0x08002904      0x200 ./Drivers/STM32L4xx_HAL_Driver/Src/stm32l4xx_hal_rcc.o
                0x08002904                HAL_RCC_ClockConfig
 .text.HAL_RCC_GetSysClockFreq
                0x08002b04      0x118 ./Drivers/STM32L4xx_HAL_Driver/Src/stm32l4xx_hal_rcc.o
                0x08002b04                HAL_RCC_GetSysClockFreq
 .text.RCC_SetFlashLatencyFromMSIRange
                0x08002c1c       0xc0 ./Drivers/STM32L4xx_HAL_Driver/Src/stm32l4xx_hal_rcc.o
 .text.HAL_TIM_Base_Init
                0x08002cdc       0xae ./Drivers/STM32L4xx_HAL_Driver/Src/stm32l4xx_hal_tim.o
                0x08002cdc                HAL_TIM_Base_Init
 *fill*         0x08002d8a        0x2 
 .text.HAL_TIM_Base_Start_IT
                0x08002d8c       0xe0 ./Drivers/STM32L4xx_HAL_Driver/Src/stm32l4xx_hal_tim.o
                0x08002d8c                HAL_TIM_Base_Start_IT
 .text.TIM_Base_SetConfig
                0x08002e6c      0x134 ./Drivers/STM32L4xx_HAL_Driver/Src/stm32l4xx_hal_tim.o
                0x08002e6c                TIM_Base_SetConfig
 .text.memset   0x08002fa0       0x10 C:/ST/STM32CubeIDE_1.15.1/STM32CubeIDE/plugins/com.st.stm32cube.ide.mcu.externaltools.gnu-tools-for-stm32.12.3.rel1.win32_1.0.100.202403111256/tools/bin/../lib/gcc/arm-none-eabi/12.3.1/../../../../arm-none-eabi/lib/thumb/v7e-m+fp/hard\libc_nano.a(libc_a-memset.o)
                0x08002fa0                memset
 .text.__libc_init_array
                0x08002fb0       0x48 C:/ST/STM32CubeIDE_1.15.1/STM32CubeIDE/plugins/com.st.stm32cube.ide.mcu.externaltools.gnu-tools-for-stm32.12.3.rel1.win32_1.0.100.202403111256/tools/bin/../lib/gcc/arm-none-eabi/12.3.1/../../../../arm-none-eabi/lib/thumb/v7e-m+fp/hard\libc_nano.a(libc_a-init.o)
                0x08002fb0                __libc_init_array
 *(.glue_7)
 .glue_7        0x08002ff8        0x0 linker stubs
 *(.glue_7t)
 .glue_7t       0x08002ff8        0x0 linker stubs
 *(.eh_frame)
 .eh_frame      0x08002ff8        0x0 C:/ST/STM32CubeIDE_1.15.1/STM32CubeIDE/plugins/com.st.stm32cube.ide.mcu.externaltools.gnu-tools-for-stm32.12.3.rel1.win32_1.0.100.202403111256/tools/bin/../lib/gcc/arm-none-eabi/12.3.1/thumb/v7e-m+fp/hard/crtbegin.o
 *(.init)
 .init          0x08002ff8        0x4 C:/ST/STM32CubeIDE_1.15.1/STM32CubeIDE/plugins/com.st.stm32cube.ide.mcu.externaltools.gnu-tools-for-stm32.12.3.rel1.win32_1.0.100.202403111256/tools/bin/../lib/gcc/arm-none-eabi/12.3.1/thumb/v7e-m+fp/hard/crti.o
                0x08002ff8                _init
 .init          0x08002ffc        0x8 C:/ST/STM32CubeIDE_1.15.1/STM32CubeIDE/plugins/com.st.stm32cube.ide.mcu.externaltools.gnu-tools-for-stm32.12.3.rel1.win32_1.0.100.202403111256/tools/bin/../lib/gcc/arm-none-eabi/12.3.1/thumb/v7e-m+fp/hard/crtn.o
 *(.fini)
 .fini          0x08003004        0x4 C:/ST/STM32CubeIDE_1.15.1/STM32CubeIDE/plugins/com.st.stm32cube.ide.mcu.externaltools.gnu-tools-for-stm32.12.3.rel1.win32_1.0.100.202403111256/tools/bin/../lib/gcc/arm-none-eabi/12.3.1/thumb/v7e-m+fp/hard/crti.o
                0x08003004                _fini
 .fini          0x08003008        0x8 C:/ST/STM32CubeIDE_1.15.1/STM32CubeIDE/plugins/com.st.stm32cube.ide.mcu.externaltools.gnu-tools-for-stm32.12.3.rel1.win32_1.0.100.202403111256/tools/bin/../lib/gcc/arm-none-eabi/12.3.1/thumb/v7e-m+fp/hard/crtn.o
                0x08003010                        . = ALIGN (0x4)
                0x08003010                        _etext = .

.vfp11_veneer   0x08003010        0x0
 .vfp11_veneer  0x08003010        0x0 linker stubs

.v4_bx          0x08003010        0x0
 .v4_bx         0x08003010        0x0 linker stubs

.iplt           0x08003010        0x0
 .iplt          0x08003010        0x0 C:/ST/STM32CubeIDE_1.15.1/STM32CubeIDE/plugins/com.st.stm32cube.ide.mcu.externaltools.gnu-tools-for-stm32.12.3.rel1.win32_1.0.100.202403111256/tools/bin/../lib/gcc/arm-none-eabi/12.3.1/thumb/v7e-m+fp/hard/crtbegin.o

.rodata         0x08003010       0x40
                0x08003010                        . = ALIGN (0x4)
 *(.rodata)
 *(.rodata*)
 .rodata.AHBPrescTable
                0x08003010       0x10 ./Core/Src/system_stm32l4xx.o
                0x08003010                AHBPrescTable
 .rodata.MSIRangeTable
                0x08003020       0x30 ./Core/Src/system_stm32l4xx.o
                0x08003020                MSIRangeTable
                0x08003050                        . = ALIGN (0x4)

.ARM.extab      0x08003050        0x0
                0x08003050                        . = ALIGN (0x4)
 *(.ARM.extab* .gnu.linkonce.armextab.*)
                0x08003050                        . = ALIGN (0x4)

.ARM            0x08003050        0x0
                0x08003050                        . = ALIGN (0x4)
                0x08003050                        __exidx_start = .
 *(.ARM.exidx*)
                0x08003050                        __exidx_end = .
                0x08003050                        . = ALIGN (0x4)

.preinit_array  0x08003050        0x0
                0x08003050                        . = ALIGN (0x4)
                0x08003050                        PROVIDE (__preinit_array_start = .)
 *(.preinit_array*)
                0x08003050                        PROVIDE (__preinit_array_end = .)
                0x08003050                        . = ALIGN (0x4)

.init_array     0x08003050        0x4
                0x08003050                        . = ALIGN (0x4)
                0x08003050                        PROVIDE (__init_array_start = .)
 *(SORT_BY_NAME(.init_array.*))
 *(.init_array*)
 .init_array    0x08003050        0x4 C:/ST/STM32CubeIDE_1.15.1/STM32CubeIDE/plugins/com.st.stm32cube.ide.mcu.externaltools.gnu-tools-for-stm32.12.3.rel1.win32_1.0.100.202403111256/tools/bin/../lib/gcc/arm-none-eabi/12.3.1/thumb/v7e-m+fp/hard/crtbegin.o
                0x08003054                        PROVIDE (__init_array_end = .)
                0x08003054                        . = ALIGN (0x4)

.fini_array     0x08003054        0x4
                0x08003054                        . = ALIGN (0x4)
                [!provide]                        PROVIDE (__fini_array_start = .)
 *(SORT_BY_NAME(.fini_array.*))
 *(.fini_array*)
 .fini_array    0x08003054        0x4 C:/ST/STM32CubeIDE_1.15.1/STM32CubeIDE/plugins/com.st.stm32cube.ide.mcu.externaltools.gnu-tools-for-stm32.12.3.rel1.win32_1.0.100.202403111256/tools/bin/../lib/gcc/arm-none-eabi/12.3.1/thumb/v7e-m+fp/hard/crtbegin.o
                [!provide]                        PROVIDE (__fini_array_end = .)
                0x08003058                        . = ALIGN (0x4)
                0x08003058                        _sidata = LOADADDR (.data)

.rel.dyn        0x08003058        0x0
 .rel.iplt      0x08003058        0x0 C:/ST/STM32CubeIDE_1.15.1/STM32CubeIDE/plugins/com.st.stm32cube.ide.mcu.externaltools.gnu-tools-for-stm32.12.3.rel1.win32_1.0.100.202403111256/tools/bin/../lib/gcc/arm-none-eabi/12.3.1/thumb/v7e-m+fp/hard/crtbegin.o

.data           0x20000000       0x34 load address 0x08003058
                0x20000000                        . = ALIGN (0x4)
                0x20000000                        _sdata = .
 *(.data)
 *(.data*)
 .data.flash_ptr
                0x20000000        0x4 ./Core/Src/bootloader.o
 .data.led_state.1
                0x20000004        0x1 ./Core/Src/main.o
 *fill*         0x20000005        0x3 
 .data.SystemCoreClock
                0x20000008        0x4 ./Core/Src/system_stm32l4xx.o
                0x20000008                SystemCoreClock
 .data.uwTickPrio
                0x2000000c        0x4 ./Drivers/STM32L4xx_HAL_Driver/Src/stm32l4xx_hal.o
                0x2000000c                uwTickPrio
 .data.uwTickFreq
                0x20000010        0x1 ./Drivers/STM32L4xx_HAL_Driver/Src/stm32l4xx_hal.o
                0x20000010                uwTickFreq
 *fill*         0x20000011        0x3 
 .data.pFlash   0x20000014       0x20 ./Drivers/STM32L4xx_HAL_Driver/Src/stm32l4xx_hal_flash.o
                0x20000014                pFlash
 *(.RamFunc)
 *(.RamFunc*)
                0x20000034                        . = ALIGN (0x4)
                0x20000034                        _edata = .

.igot.plt       0x20000034        0x0 load address 0x0800308c
 .igot.plt      0x20000034        0x0 C:/ST/STM32CubeIDE_1.15.1/STM32CubeIDE/plugins/com.st.stm32cube.ide.mcu.externaltools.gnu-tools-for-stm32.12.3.rel1.win32_1.0.100.202403111256/tools/bin/../lib/gcc/arm-none-eabi/12.3.1/thumb/v7e-m+fp/hard/crtbegin.o
                0x20000034                        . = ALIGN (0x4)

.bss            0x20000034       0xec load address 0x0800308c
                0x20000034                        _sbss = .
                0x20000034                        __bss_start__ = _sbss
 *(.bss)
 .bss           0x20000034       0x1c C:/ST/STM32CubeIDE_1.15.1/STM32CubeIDE/plugins/com.st.stm32cube.ide.mcu.externaltools.gnu-tools-for-stm32.12.3.rel1.win32_1.0.100.202403111256/tools/bin/../lib/gcc/arm-none-eabi/12.3.1/thumb/v7e-m+fp/hard/crtbegin.o
 *(.bss*)
 .bss.hcan      0x20000050       0x28 ./Core/Src/main.o
                0x20000050                hcan
 .bss.hcrc      0x20000078       0x24 ./Core/Src/main.o
                0x20000078                hcrc
 .bss.htim17    0x2000009c       0x4c ./Core/Src/main.o
                0x2000009c                htim17
 .bss.G_mSCounter
                0x200000e8        0x4 ./Core/Src/main.o
                0x200000e8                G_mSCounter
 .bss.G_loader_mode
                0x200000ec        0x1 ./Core/Src/main.o
                0x200000ec                G_loader_mode
 .bss.G_flash_erase_CMD
                0x200000ed        0x1 ./Core/Src/main.o
                0x200000ed                G_flash_erase_CMD
 .bss.G_run_app_CMD
                0x200000ee        0x1 ./Core/Src/main.o
                0x200000ee                G_run_app_CMD
 .bss.G_return_CRC_CMD
                0x200000ef        0x1 ./Core/Src/main.o
                0x200000ef                G_return_CRC_CMD
 .bss.G_return_BOOT_CRC_CMD
                0x200000f0        0x1 ./Core/Src/main.o
                0x200000f0                G_return_BOOT_CRC_CMD
 .bss.G_start_flash_CMD
                0x200000f1        0x1 ./Core/Src/main.o
                0x200000f1                G_start_flash_CMD
 .bss.G_end_flash_CMD
                0x200000f2        0x1 ./Core/Src/main.o
                0x200000f2                G_end_flash_CMD
 .bss.G_FlashInProgress
                0x200000f3        0x1 ./Core/Src/main.o
                0x200000f3                G_FlashInProgress
 .bss.G_LedUpdate
                0x200000f4        0x1 ./Core/Src/main.o
                0x200000f4                G_LedUpdate
 *fill*         0x200000f5        0x3 
 .bss.TxHeader  0x200000f8       0x18 ./Core/Src/main.o
                0x200000f8                TxHeader
 .bss.TxData    0x20000110        0x8 ./Core/Src/main.o
                0x20000110                TxData
 .bss.TxMailbox
                0x20000118        0x4 ./Core/Src/main.o
                0x20000118                TxMailbox
 .bss.uwTick    0x2000011c        0x4 ./Drivers/STM32L4xx_HAL_Driver/Src/stm32l4xx_hal.o
                0x2000011c                uwTick
 *(COMMON)
                0x20000120                        . = ALIGN (0x4)
                0x20000120                        _ebss = .
                0x20000120                        __bss_end__ = _ebss

._user_heap_stack
                0x20000120      0x600 load address 0x0800308c
                0x20000120                        . = ALIGN (0x8)
                [!provide]                        PROVIDE (end = .)
                0x20000120                        PROVIDE (_end = .)
                0x20000320                        . = (. + _Min_Heap_Size)
 *fill*         0x20000120      0x200 
                0x20000720                        . = (. + _Min_Stack_Size)
 *fill*         0x20000320      0x400 
                0x20000720                        . = ALIGN (0x8)

/DISCARD/
 libc.a(*)
 libm.a(*)
 libgcc.a(*)

.ARM.attributes
                0x00000000       0x30
 *(.ARM.attributes)
 .ARM.attributes
                0x00000000       0x22 C:/ST/STM32CubeIDE_1.15.1/STM32CubeIDE/plugins/com.st.stm32cube.ide.mcu.externaltools.gnu-tools-for-stm32.12.3.rel1.win32_1.0.100.202403111256/tools/bin/../lib/gcc/arm-none-eabi/12.3.1/thumb/v7e-m+fp/hard/crti.o
 .ARM.attributes
                0x00000022       0x34 C:/ST/STM32CubeIDE_1.15.1/STM32CubeIDE/plugins/com.st.stm32cube.ide.mcu.externaltools.gnu-tools-for-stm32.12.3.rel1.win32_1.0.100.202403111256/tools/bin/../lib/gcc/arm-none-eabi/12.3.1/thumb/v7e-m+fp/hard/crtbegin.o
 .ARM.attributes
                0x00000056       0x34 ./Core/Src/bootloader.o
 .ARM.attributes
                0x0000008a       0x34 ./Core/Src/main.o
 .ARM.attributes
                0x000000be       0x34 ./Core/Src/stm32l4xx_hal_msp.o
 .ARM.attributes
                0x000000f2       0x34 ./Core/Src/stm32l4xx_it.o
 .ARM.attributes
                0x00000126       0x34 ./Core/Src/system_stm32l4xx.o
 .ARM.attributes
                0x0000015a       0x21 ./Core/Startup/startup_stm32l476rctx.o
 .ARM.attributes
                0x0000017b       0x34 ./Drivers/STM32L4xx_HAL_Driver/Src/stm32l4xx_hal.o
 .ARM.attributes
                0x000001af       0x34 ./Drivers/STM32L4xx_HAL_Driver/Src/stm32l4xx_hal_can.o
 .ARM.attributes
                0x000001e3       0x34 ./Drivers/STM32L4xx_HAL_Driver/Src/stm32l4xx_hal_cortex.o
 .ARM.attributes
                0x00000217       0x34 ./Drivers/STM32L4xx_HAL_Driver/Src/stm32l4xx_hal_crc.o
 .ARM.attributes
                0x0000024b       0x34 ./Drivers/STM32L4xx_HAL_Driver/Src/stm32l4xx_hal_crc_ex.o
 .ARM.attributes
                0x0000027f       0x34 ./Drivers/STM32L4xx_HAL_Driver/Src/stm32l4xx_hal_flash.o
 .ARM.attributes
                0x000002b3       0x34 ./Drivers/STM32L4xx_HAL_Driver/Src/stm32l4xx_hal_flash_ex.o
 .ARM.attributes
                0x000002e7       0x34 ./Drivers/STM32L4xx_HAL_Driver/Src/stm32l4xx_hal_gpio.o
 .ARM.attributes
                0x0000031b       0x34 ./Drivers/STM32L4xx_HAL_Driver/Src/stm32l4xx_hal_pwr_ex.o
 .ARM.attributes
                0x0000034f       0x34 ./Drivers/STM32L4xx_HAL_Driver/Src/stm32l4xx_hal_rcc.o
 .ARM.attributes
                0x00000383       0x34 ./Drivers/STM32L4xx_HAL_Driver/Src/stm32l4xx_hal_tim.o
 .ARM.attributes
                0x000003b7       0x34 C:/ST/STM32CubeIDE_1.15.1/STM32CubeIDE/plugins/com.st.stm32cube.ide.mcu.externaltools.gnu-tools-for-stm32.12.3.rel1.win32_1.0.100.202403111256/tools/bin/../lib/gcc/arm-none-eabi/12.3.1/../../../../arm-none-eabi/lib/thumb/v7e-m+fp/hard\libc_nano.a(libc_a-memset.o)
 .ARM.attributes
                0x000003eb       0x34 C:/ST/STM32CubeIDE_1.15.1/STM32CubeIDE/plugins/com.st.stm32cube.ide.mcu.externaltools.gnu-tools-for-stm32.12.3.rel1.win32_1.0.100.202403111256/tools/bin/../lib/gcc/arm-none-eabi/12.3.1/../../../../arm-none-eabi/lib/thumb/v7e-m+fp/hard\libc_nano.a(libc_a-init.o)
 .ARM.attributes
                0x0000041f       0x22 C:/ST/STM32CubeIDE_1.15.1/STM32CubeIDE/plugins/com.st.stm32cube.ide.mcu.externaltools.gnu-tools-for-stm32.12.3.rel1.win32_1.0.100.202403111256/tools/bin/../lib/gcc/arm-none-eabi/12.3.1/thumb/v7e-m+fp/hard/crtn.o
OUTPUT(stm32l476_bootloader.elf elf32-littlearm)
LOAD linker stubs
LOAD C:/ST/STM32CubeIDE_1.15.1/STM32CubeIDE/plugins/com.st.stm32cube.ide.mcu.externaltools.gnu-tools-for-stm32.12.3.rel1.win32_1.0.100.202403111256/tools/bin/../lib/gcc/arm-none-eabi/12.3.1/../../../../arm-none-eabi/lib/thumb/v7e-m+fp/hard\libc.a
LOAD C:/ST/STM32CubeIDE_1.15.1/STM32CubeIDE/plugins/com.st.stm32cube.ide.mcu.externaltools.gnu-tools-for-stm32.12.3.rel1.win32_1.0.100.202403111256/tools/bin/../lib/gcc/arm-none-eabi/12.3.1/../../../../arm-none-eabi/lib/thumb/v7e-m+fp/hard\libm.a
LOAD C:/ST/STM32CubeIDE_1.15.1/STM32CubeIDE/plugins/com.st.stm32cube.ide.mcu.externaltools.gnu-tools-for-stm32.12.3.rel1.win32_1.0.100.202403111256/tools/bin/../lib/gcc/arm-none-eabi/12.3.1/thumb/v7e-m+fp/hard\libgcc.a

.debug_info     0x00000000     0xc5d7
 .debug_info    0x00000000      0xdb0 ./Core/Src/bootloader.o
 .debug_info    0x00000db0     0x19df ./Core/Src/main.o
 .debug_info    0x0000278f     0x10c5 ./Core/Src/stm32l4xx_hal_msp.o
 .debug_info    0x00003854      0x113 ./Core/Src/stm32l4xx_it.o
 .debug_info    0x00003967      0x5b1 ./Core/Src/system_stm32l4xx.o
 .debug_info    0x00003f18       0x30 ./Core/Startup/startup_stm32l476rctx.o
 .debug_info    0x00003f48      0xaeb ./Drivers/STM32L4xx_HAL_Driver/Src/stm32l4xx_hal.o
 .debug_info    0x00004a33      0xf58 ./Drivers/STM32L4xx_HAL_Driver/Src/stm32l4xx_hal_can.o
 .debug_info    0x0000598b      0xd4c ./Drivers/STM32L4xx_HAL_Driver/Src/stm32l4xx_hal_cortex.o
 .debug_info    0x000066d7      0x530 ./Drivers/STM32L4xx_HAL_Driver/Src/stm32l4xx_hal_crc.o
 .debug_info    0x00006c07      0x35b ./Drivers/STM32L4xx_HAL_Driver/Src/stm32l4xx_hal_crc_ex.o
 .debug_info    0x00006f62      0x6ad ./Drivers/STM32L4xx_HAL_Driver/Src/stm32l4xx_hal_flash.o
 .debug_info    0x0000760f      0x825 ./Drivers/STM32L4xx_HAL_Driver/Src/stm32l4xx_hal_flash_ex.o
 .debug_info    0x00007e34      0x757 ./Drivers/STM32L4xx_HAL_Driver/Src/stm32l4xx_hal_gpio.o
 .debug_info    0x0000858b      0x99e ./Drivers/STM32L4xx_HAL_Driver/Src/stm32l4xx_hal_pwr_ex.o
 .debug_info    0x00008f29      0xc14 ./Drivers/STM32L4xx_HAL_Driver/Src/stm32l4xx_hal_rcc.o
 .debug_info    0x00009b3d     0x2a9a ./Drivers/STM32L4xx_HAL_Driver/Src/stm32l4xx_hal_tim.o

.debug_abbrev   0x00000000     0x22bb
 .debug_abbrev  0x00000000      0x26f ./Core/Src/bootloader.o
 .debug_abbrev  0x0000026f      0x313 ./Core/Src/main.o
 .debug_abbrev  0x00000582      0x207 ./Core/Src/stm32l4xx_hal_msp.o
 .debug_abbrev  0x00000789       0x73 ./Core/Src/stm32l4xx_it.o
 .debug_abbrev  0x000007fc      0x11a ./Core/Src/system_stm32l4xx.o
 .debug_abbrev  0x00000916       0x24 ./Core/Startup/startup_stm32l476rctx.o
 .debug_abbrev  0x0000093a      0x242 ./Drivers/STM32L4xx_HAL_Driver/Src/stm32l4xx_hal.o
 .debug_abbrev  0x00000b7c      0x26a ./Drivers/STM32L4xx_HAL_Driver/Src/stm32l4xx_hal_can.o
 .debug_abbrev  0x00000de6      0x327 ./Drivers/STM32L4xx_HAL_Driver/Src/stm32l4xx_hal_cortex.o
 .debug_abbrev  0x0000110d      0x1ee ./Drivers/STM32L4xx_HAL_Driver/Src/stm32l4xx_hal_crc.o
 .debug_abbrev  0x000012fb      0x151 ./Drivers/STM32L4xx_HAL_Driver/Src/stm32l4xx_hal_crc_ex.o
 .debug_abbrev  0x0000144c      0x324 ./Drivers/STM32L4xx_HAL_Driver/Src/stm32l4xx_hal_flash.o
 .debug_abbrev  0x00001770      0x244 ./Drivers/STM32L4xx_HAL_Driver/Src/stm32l4xx_hal_flash_ex.o
 .debug_abbrev  0x000019b4      0x1cb ./Drivers/STM32L4xx_HAL_Driver/Src/stm32l4xx_hal_gpio.o
 .debug_abbrev  0x00001b7f      0x1f9 ./Drivers/STM32L4xx_HAL_Driver/Src/stm32l4xx_hal_pwr_ex.o
 .debug_abbrev  0x00001d78      0x2cb ./Drivers/STM32L4xx_HAL_Driver/Src/stm32l4xx_hal_rcc.o
 .debug_abbrev  0x00002043      0x278 ./Drivers/STM32L4xx_HAL_Driver/Src/stm32l4xx_hal_tim.o

.debug_aranges  0x00000000      0xd78
 .debug_aranges
                0x00000000       0x88 ./Core/Src/bootloader.o
 .debug_aranges
                0x00000088       0xa0 ./Core/Src/main.o
 .debug_aranges
                0x00000128       0x50 ./Core/Src/stm32l4xx_hal_msp.o
 .debug_aranges
                0x00000178       0x60 ./Core/Src/stm32l4xx_it.o
 .debug_aranges
                0x000001d8       0x28 ./Core/Src/system_stm32l4xx.o
 .debug_aranges
                0x00000200       0x28 ./Core/Startup/startup_stm32l476rctx.o
 .debug_aranges
                0x00000228      0x130 ./Drivers/STM32L4xx_HAL_Driver/Src/stm32l4xx_hal.o
 .debug_aranges
                0x00000358      0x138 ./Drivers/STM32L4xx_HAL_Driver/Src/stm32l4xx_hal_can.o
 .debug_aranges
                0x00000490      0x118 ./Drivers/STM32L4xx_HAL_Driver/Src/stm32l4xx_hal_cortex.o
 .debug_aranges
                0x000005a8       0x60 ./Drivers/STM32L4xx_HAL_Driver/Src/stm32l4xx_hal_crc.o
 .debug_aranges
                0x00000608       0x30 ./Drivers/STM32L4xx_HAL_Driver/Src/stm32l4xx_hal_crc_ex.o
 .debug_aranges
                0x00000638       0x88 ./Drivers/STM32L4xx_HAL_Driver/Src/stm32l4xx_hal_flash.o
 .debug_aranges
                0x000006c0       0x90 ./Drivers/STM32L4xx_HAL_Driver/Src/stm32l4xx_hal_flash_ex.o
 .debug_aranges
                0x00000750       0x58 ./Drivers/STM32L4xx_HAL_Driver/Src/stm32l4xx_hal_gpio.o
 .debug_aranges
                0x000007a8      0x160 ./Drivers/STM32L4xx_HAL_Driver/Src/stm32l4xx_hal_pwr_ex.o
 .debug_aranges
                0x00000908       0x90 ./Drivers/STM32L4xx_HAL_Driver/Src/stm32l4xx_hal_rcc.o
 .debug_aranges
                0x00000998      0x3e0 ./Drivers/STM32L4xx_HAL_Driver/Src/stm32l4xx_hal_tim.o

.debug_rnglists
                0x00000000      0xa40
 .debug_rnglists
                0x00000000       0x65 ./Core/Src/bootloader.o
 .debug_rnglists
                0x00000065       0x78 ./Core/Src/main.o
 .debug_rnglists
                0x000000dd       0x38 ./Core/Src/stm32l4xx_hal_msp.o
 .debug_rnglists
                0x00000115       0x43 ./Core/Src/stm32l4xx_it.o
 .debug_rnglists
                0x00000158       0x1a ./Core/Src/system_stm32l4xx.o
 .debug_rnglists
                0x00000172       0x19 ./Core/Startup/startup_stm32l476rctx.o
 .debug_rnglists
                0x0000018b       0xdf ./Drivers/STM32L4xx_HAL_Driver/Src/stm32l4xx_hal.o
 .debug_rnglists
                0x0000026a       0xee ./Drivers/STM32L4xx_HAL_Driver/Src/stm32l4xx_hal_can.o
 .debug_rnglists
                0x00000358       0xce ./Drivers/STM32L4xx_HAL_Driver/Src/stm32l4xx_hal_cortex.o
 .debug_rnglists
                0x00000426       0x47 ./Drivers/STM32L4xx_HAL_Driver/Src/stm32l4xx_hal_crc.o
 .debug_rnglists
                0x0000046d       0x20 ./Drivers/STM32L4xx_HAL_Driver/Src/stm32l4xx_hal_crc_ex.o
 .debug_rnglists
                0x0000048d       0x65 ./Drivers/STM32L4xx_HAL_Driver/Src/stm32l4xx_hal_flash.o
 .debug_rnglists
                0x000004f2       0x71 ./Drivers/STM32L4xx_HAL_Driver/Src/stm32l4xx_hal_flash_ex.o
 .debug_rnglists
                0x00000563       0x3f ./Drivers/STM32L4xx_HAL_Driver/Src/stm32l4xx_hal_gpio.o
 .debug_rnglists
                0x000005a2      0x109 ./Drivers/STM32L4xx_HAL_Driver/Src/stm32l4xx_hal_pwr_ex.o
 .debug_rnglists
                0x000006ab       0x6d ./Drivers/STM32L4xx_HAL_Driver/Src/stm32l4xx_hal_rcc.o
 .debug_rnglists
                0x00000718      0x328 ./Drivers/STM32L4xx_HAL_Driver/Src/stm32l4xx_hal_tim.o

.debug_macro    0x00000000    0x2628c
 .debug_macro   0x00000000      0x1dd ./Core/Src/bootloader.o
 .debug_macro   0x000001dd      0xab4 ./Core/Src/bootloader.o
 .debug_macro   0x00000c91       0x22 ./Core/Src/bootloader.o
 .debug_macro   0x00000cb3       0x8e ./Core/Src/bootloader.o
 .debug_macro   0x00000d41       0x51 ./Core/Src/bootloader.o
 .debug_macro   0x00000d92      0x103 ./Core/Src/bootloader.o
 .debug_macro   0x00000e95       0x6a ./Core/Src/bootloader.o
 .debug_macro   0x00000eff      0x1df ./Core/Src/bootloader.o
 .debug_macro   0x000010de       0x76 ./Core/Src/bootloader.o
 .debug_macro   0x00001154      0x1ad ./Core/Src/bootloader.o
 .debug_macro   0x00001301       0x2e ./Core/Src/bootloader.o
 .debug_macro   0x0000132f       0x28 ./Core/Src/bootloader.o
 .debug_macro   0x00001357       0x1c ./Core/Src/bootloader.o
 .debug_macro   0x00001373       0x22 ./Core/Src/bootloader.o
 .debug_macro   0x00001395       0xfb ./Core/Src/bootloader.o
 .debug_macro   0x00001490     0x1011 ./Core/Src/bootloader.o
 .debug_macro   0x000024a1      0x11f ./Core/Src/bootloader.o
 .debug_macro   0x000025c0    0x1a17a ./Core/Src/bootloader.o
 .debug_macro   0x0001c73a       0x6d ./Core/Src/bootloader.o
 .debug_macro   0x0001c7a7     0x38e6 ./Core/Src/bootloader.o
 .debug_macro   0x0002008d      0x189 ./Core/Src/bootloader.o
 .debug_macro   0x00020216       0x5c ./Core/Src/bootloader.o
 .debug_macro   0x00020272     0x159e ./Core/Src/bootloader.o
 .debug_macro   0x00021810      0x5a5 ./Core/Src/bootloader.o
 .debug_macro   0x00021db5      0x1b9 ./Core/Src/bootloader.o
 .debug_macro   0x00021f6e      0x18b ./Core/Src/bootloader.o
 .debug_macro   0x000220f9      0x26b ./Core/Src/bootloader.o
 .debug_macro   0x00022364      0x23d ./Core/Src/bootloader.o
 .debug_macro   0x000225a1      0x408 ./Core/Src/bootloader.o
 .debug_macro   0x000229a9       0xc7 ./Core/Src/bootloader.o
 .debug_macro   0x00022a70       0x4c ./Core/Src/bootloader.o
 .debug_macro   0x00022abc      0x241 ./Core/Src/bootloader.o
 .debug_macro   0x00022cfd      0x37c ./Core/Src/bootloader.o
 .debug_macro   0x00023079       0xd6 ./Core/Src/bootloader.o
 .debug_macro   0x0002314f      0x122 ./Core/Src/bootloader.o
 .debug_macro   0x00023271      0x3ef ./Core/Src/bootloader.o
 .debug_macro   0x00023660      0xa98 ./Core/Src/bootloader.o
 .debug_macro   0x000240f8      0x1e6 ./Core/Src/bootloader.o
 .debug_macro   0x000242de      0x330 ./Core/Src/bootloader.o
 .debug_macro   0x0002460e      0x1f4 ./Core/Src/main.o
 .debug_macro   0x00024802       0x10 ./Core/Src/main.o
 .debug_macro   0x00024812       0x7c ./Core/Src/main.o
 .debug_macro   0x0002488e      0x1d9 ./Core/Src/stm32l4xx_hal_msp.o
 .debug_macro   0x00024a67      0x1e3 ./Core/Src/stm32l4xx_it.o
 .debug_macro   0x00024c4a      0x1ca ./Core/Src/system_stm32l4xx.o
 .debug_macro   0x00024e14      0x218 ./Drivers/STM32L4xx_HAL_Driver/Src/stm32l4xx_hal.o
 .debug_macro   0x0002502c      0x1d2 ./Drivers/STM32L4xx_HAL_Driver/Src/stm32l4xx_hal_can.o
 .debug_macro   0x000251fe      0x1ca ./Drivers/STM32L4xx_HAL_Driver/Src/stm32l4xx_hal_cortex.o
 .debug_macro   0x000253c8      0x1ca ./Drivers/STM32L4xx_HAL_Driver/Src/stm32l4xx_hal_crc.o
 .debug_macro   0x00025592      0x1ca ./Drivers/STM32L4xx_HAL_Driver/Src/stm32l4xx_hal_crc_ex.o
 .debug_macro   0x0002575c      0x1d0 ./Drivers/STM32L4xx_HAL_Driver/Src/stm32l4xx_hal_flash.o
 .debug_macro   0x0002592c      0x1ca ./Drivers/STM32L4xx_HAL_Driver/Src/stm32l4xx_hal_flash_ex.o
 .debug_macro   0x00025af6      0x1d1 ./Drivers/STM32L4xx_HAL_Driver/Src/stm32l4xx_hal_gpio.o
 .debug_macro   0x00025cc7      0x1ee ./Drivers/STM32L4xx_HAL_Driver/Src/stm32l4xx_hal_pwr_ex.o
 .debug_macro   0x00025eb5      0x20c ./Drivers/STM32L4xx_HAL_Driver/Src/stm32l4xx_hal_rcc.o
 .debug_macro   0x000260c1      0x1cb ./Drivers/STM32L4xx_HAL_Driver/Src/stm32l4xx_hal_tim.o

.debug_line     0x00000000     0xedaf
 .debug_line    0x00000000      0xa91 ./Core/Src/bootloader.o
 .debug_line    0x00000a91      0xd2e ./Core/Src/main.o
 .debug_line    0x000017bf      0x821 ./Core/Src/stm32l4xx_hal_msp.o
 .debug_line    0x00001fe0      0x827 ./Core/Src/stm32l4xx_it.o
 .debug_line    0x00002807      0x7ff ./Core/Src/system_stm32l4xx.o
 .debug_line    0x00003006       0x7a ./Core/Startup/startup_stm32l476rctx.o
 .debug_line    0x00003080      0xb5a ./Drivers/STM32L4xx_HAL_Driver/Src/stm32l4xx_hal.o
 .debug_line    0x00003bda     0x11fd ./Drivers/STM32L4xx_HAL_Driver/Src/stm32l4xx_hal_can.o
 .debug_line    0x00004dd7      0xcf9 ./Drivers/STM32L4xx_HAL_Driver/Src/stm32l4xx_hal_cortex.o
 .debug_line    0x00005ad0      0xaa5 ./Drivers/STM32L4xx_HAL_Driver/Src/stm32l4xx_hal_crc.o
 .debug_line    0x00006575      0x821 ./Drivers/STM32L4xx_HAL_Driver/Src/stm32l4xx_hal_crc_ex.o
 .debug_line    0x00006d96      0xb0f ./Drivers/STM32L4xx_HAL_Driver/Src/stm32l4xx_hal_flash.o
 .debug_line    0x000078a5      0xdb5 ./Drivers/STM32L4xx_HAL_Driver/Src/stm32l4xx_hal_flash_ex.o
 .debug_line    0x0000865a      0xbe6 ./Drivers/STM32L4xx_HAL_Driver/Src/stm32l4xx_hal_gpio.o
 .debug_line    0x00009240      0xd4c ./Drivers/STM32L4xx_HAL_Driver/Src/stm32l4xx_hal_pwr_ex.o
 .debug_line    0x00009f8c      0xfd1 ./Drivers/STM32L4xx_HAL_Driver/Src/stm32l4xx_hal_rcc.o
 .debug_line    0x0000af5d     0x3e52 ./Drivers/STM32L4xx_HAL_Driver/Src/stm32l4xx_hal_tim.o

.debug_str      0x00000000    0xecaed
 .debug_str     0x00000000    0xe8c9b ./Core/Src/bootloader.o
                              0xe8f77 (size before relaxing)
 .debug_str     0x000e8c9b      0xdd3 ./Core/Src/main.o
                              0xe9a1e (size before relaxing)
 .debug_str     0x000e9a6e       0xb6 ./Core/Src/stm32l4xx_hal_msp.o
                              0xe9061 (size before relaxing)
 .debug_str     0x000e9b24       0xc9 ./Core/Src/stm32l4xx_it.o
                              0xe860c (size before relaxing)
 .debug_str     0x000e9bed       0x9e ./Core/Src/system_stm32l4xx.o
                              0xe8767 (size before relaxing)
 .debug_str     0x000e9c8b       0x44 ./Core/Startup/startup_stm32l476rctx.o
                                 0x92 (size before relaxing)
 .debug_str     0x000e9ccf      0xa52 ./Drivers/STM32L4xx_HAL_Driver/Src/stm32l4xx_hal.o
                              0xe92fa (size before relaxing)
 .debug_str     0x000ea721      0x300 ./Drivers/STM32L4xx_HAL_Driver/Src/stm32l4xx_hal_can.o
                              0xe8de1 (size before relaxing)
 .debug_str     0x000eaa21      0x344 ./Drivers/STM32L4xx_HAL_Driver/Src/stm32l4xx_hal_cortex.o
                              0xe8fae (size before relaxing)
 .debug_str     0x000ead65       0xb9 ./Drivers/STM32L4xx_HAL_Driver/Src/stm32l4xx_hal_crc.o
                              0xe8824 (size before relaxing)
 .debug_str     0x000eae1e       0x69 ./Drivers/STM32L4xx_HAL_Driver/Src/stm32l4xx_hal_crc_ex.o
                              0xe87de (size before relaxing)
 .debug_str     0x000eae87      0x329 ./Drivers/STM32L4xx_HAL_Driver/Src/stm32l4xx_hal_flash.o
                              0xe8a13 (size before relaxing)
 .debug_str     0x000eb1b0      0x183 ./Drivers/STM32L4xx_HAL_Driver/Src/stm32l4xx_hal_flash_ex.o
                              0xe8a71 (size before relaxing)
 .debug_str     0x000eb333      0x123 ./Drivers/STM32L4xx_HAL_Driver/Src/stm32l4xx_hal_gpio.o
                              0xe88e0 (size before relaxing)
 .debug_str     0x000eb456      0x4e3 ./Drivers/STM32L4xx_HAL_Driver/Src/stm32l4xx_hal_pwr_ex.o
                              0xe8cc2 (size before relaxing)
 .debug_str     0x000eb939      0x336 ./Drivers/STM32L4xx_HAL_Driver/Src/stm32l4xx_hal_rcc.o
                              0xe8dad (size before relaxing)
 .debug_str     0x000ebc6f      0xe7e ./Drivers/STM32L4xx_HAL_Driver/Src/stm32l4xx_hal_tim.o
                              0xe9aa7 (size before relaxing)

.comment        0x00000000       0x43
 .comment       0x00000000       0x43 ./Core/Src/bootloader.o
                                 0x44 (size before relaxing)
 .comment       0x00000043       0x44 ./Core/Src/main.o
 .comment       0x00000043       0x44 ./Core/Src/stm32l4xx_hal_msp.o
 .comment       0x00000043       0x44 ./Core/Src/stm32l4xx_it.o
 .comment       0x00000043       0x44 ./Core/Src/system_stm32l4xx.o
 .comment       0x00000043       0x44 ./Drivers/STM32L4xx_HAL_Driver/Src/stm32l4xx_hal.o
 .comment       0x00000043       0x44 ./Drivers/STM32L4xx_HAL_Driver/Src/stm32l4xx_hal_can.o
 .comment       0x00000043       0x44 ./Drivers/STM32L4xx_HAL_Driver/Src/stm32l4xx_hal_cortex.o
 .comment       0x00000043       0x44 ./Drivers/STM32L4xx_HAL_Driver/Src/stm32l4xx_hal_crc.o
 .comment       0x00000043       0x44 ./Drivers/STM32L4xx_HAL_Driver/Src/stm32l4xx_hal_crc_ex.o
 .comment       0x00000043       0x44 ./Drivers/STM32L4xx_HAL_Driver/Src/stm32l4xx_hal_flash.o
 .comment       0x00000043       0x44 ./Drivers/STM32L4xx_HAL_Driver/Src/stm32l4xx_hal_flash_ex.o
 .comment       0x00000043       0x44 ./Drivers/STM32L4xx_HAL_Driver/Src/stm32l4xx_hal_gpio.o
 .comment       0x00000043       0x44 ./Drivers/STM32L4xx_HAL_Driver/Src/stm32l4xx_hal_pwr_ex.o
 .comment       0x00000043       0x44 ./Drivers/STM32L4xx_HAL_Driver/Src/stm32l4xx_hal_rcc.o
 .comment       0x00000043       0x44 ./Drivers/STM32L4xx_HAL_Driver/Src/stm32l4xx_hal_tim.o

.debug_frame    0x00000000     0x371c
 .debug_frame   0x00000000      0x1fc ./Core/Src/bootloader.o
 .debug_frame   0x000001fc      0x248 ./Core/Src/main.o
 .debug_frame   0x00000444      0x120 ./Core/Src/stm32l4xx_hal_msp.o
 .debug_frame   0x00000564      0x104 ./Core/Src/stm32l4xx_it.o
 .debug_frame   0x00000668       0x58 ./Core/Src/system_stm32l4xx.o
 .debug_frame   0x000006c0      0x498 ./Drivers/STM32L4xx_HAL_Driver/Src/stm32l4xx_hal.o
 .debug_frame   0x00000b58      0x5a0 ./Drivers/STM32L4xx_HAL_Driver/Src/stm32l4xx_hal_can.o
 .debug_frame   0x000010f8      0x498 ./Drivers/STM32L4xx_HAL_Driver/Src/stm32l4xx_hal_cortex.o
 .debug_frame   0x00001590      0x168 ./Drivers/STM32L4xx_HAL_Driver/Src/stm32l4xx_hal_crc.o
 .debug_frame   0x000016f8       0x88 ./Drivers/STM32L4xx_HAL_Driver/Src/stm32l4xx_hal_crc_ex.o
 .debug_frame   0x00001780      0x204 ./Drivers/STM32L4xx_HAL_Driver/Src/stm32l4xx_hal_flash.o
 .debug_frame   0x00001984      0x248 ./Drivers/STM32L4xx_HAL_Driver/Src/stm32l4xx_hal_flash_ex.o
 .debug_frame   0x00001bcc      0x14c ./Drivers/STM32L4xx_HAL_Driver/Src/stm32l4xx_hal_gpio.o
 .debug_frame   0x00001d18      0x584 ./Drivers/STM32L4xx_HAL_Driver/Src/stm32l4xx_hal_pwr_ex.o
 .debug_frame   0x0000229c      0x21c ./Drivers/STM32L4xx_HAL_Driver/Src/stm32l4xx_hal_rcc.o
 .debug_frame   0x000024b8     0x1218 ./Drivers/STM32L4xx_HAL_Driver/Src/stm32l4xx_hal_tim.o
 .debug_frame   0x000036d0       0x20 C:/ST/STM32CubeIDE_1.15.1/STM32CubeIDE/plugins/com.st.stm32cube.ide.mcu.externaltools.gnu-tools-for-stm32.12.3.rel1.win32_1.0.100.202403111256/tools/bin/../lib/gcc/arm-none-eabi/12.3.1/../../../../arm-none-eabi/lib/thumb/v7e-m+fp/hard\libc_nano.a(libc_a-memset.o)
 .debug_frame   0x000036f0       0x2c C:/ST/STM32CubeIDE_1.15.1/STM32CubeIDE/plugins/com.st.stm32cube.ide.mcu.externaltools.gnu-tools-for-stm32.12.3.rel1.win32_1.0.100.202403111256/tools/bin/../lib/gcc/arm-none-eabi/12.3.1/../../../../arm-none-eabi/lib/thumb/v7e-m+fp/hard\libc_nano.a(libc_a-init.o)

.debug_line_str
                0x00000000       0x76
 .debug_line_str
                0x00000000       0x76 ./Core/Startup/startup_stm32l476rctx.o
