../Core/Src/bootloader.c:22:6:Bootloader_Init	16	static
../Core/Src/bootloader.c:34:9:btld_EraseFlash	40	static
../Core/Src/bootloader.c:61:6:btld_FlashBegin	8	static
../Core/Src/bootloader.c:70:9:btld_FlashNext_32	24	static
../Core/Src/bootloader.c:102:9:btld_FlashNext	16	static
../Core/Src/bootloader.c:132:6:btld_FlashEnd	8	static
../Core/Src/bootloader.c:138:9:btld_ConfigProtection	64	static
../Core/Src/bootloader.c:179:9:btld_CheckSize	16	static
../Core/Src/bootloader.c:184:10:btld_GetBootChecksum	16	static
../Core/Src/bootloader.c:195:10:btld_GetChecksum	16	static
../Core/Src/bootloader.c:205:9:btld_SaveChecksum	24	static
../Core/Src/bootloader.c:221:9:btld_CheckForApplication	4	static
../Core/Src/bootloader.c:228:6:btld_JumpToApp	24	static,ignoring_inline_asm
../Core/Src/bootloader.c:251:6:btld_JumpToSysMem	24	static,ignoring_inline_asm
