../Core/Src/main.c:106:5:main	16	static
../Core/Src/main.c:308:6:SystemClock_Config	96	static
../Core/Src/main.c:353:13:MX_CAN1_Init	8	static
../Core/Src/main.c:390:13:MX_CRC_Init	8	static
../Core/Src/main.c:421:13:MX_TIM17_Init	8	static
../Core/Src/main.c:453:13:MX_GPIO_Init	40	static
../Core/Src/main.c:484:6:HAL_TIM_PeriodElapsedCallback	16	static
../Core/Src/main.c:541:6:HAL_CAN_ErrorCallback	24	static
../Core/Src/main.c:570:6:HAL_CAN_TxMailbox0CompleteCallback	16	static
../Core/Src/main.c:573:6:HAL_CAN_TxMailbox1CompleteCallback	16	static
../Core/Src/main.c:576:6:HAL_CAN_TxMailbox2CompleteCallback	16	static
../Core/Src/main.c:580:6:CAN_TX_Cplt	16	static
../Core/Src/main.c:589:6:HAL_CAN_RxFifo0MsgPendingCallback	56	static
../Core/Src/main.c:702:6:config_can_filter	56	static
../Core/Src/main.c:727:6:Run_Application	8	static
../Core/Src/main.c:737:6:send_confirm_msg	24	static
../Core/Src/main.c:759:6:Error_Handler	4	static,ignoring_inline_asm
